Archive member included to satisfy reference by file (symbol)

c:/dev/armnoneaeabi/10 2021.10/bin/../lib/gcc/arm-none-eabi/10.3.1/../../../../arm-none-eabi/lib/thumb/v7-m/nofp\libc_nano.a(lib_a-atoi.o)
                              build/main.o (atoi)
c:/dev/armnoneaeabi/10 2021.10/bin/../lib/gcc/arm-none-eabi/10.3.1/../../../../arm-none-eabi/lib/thumb/v7-m/nofp\libc_nano.a(lib_a-exit.o)
                              c:/dev/armnoneaeabi/10 2021.10/bin/../lib/gcc/arm-none-eabi/10.3.1/../../../../arm-none-eabi/lib/thumb/v7-m/nofp/crt0.o (exit)
c:/dev/armnoneaeabi/10 2021.10/bin/../lib/gcc/arm-none-eabi/10.3.1/../../../../arm-none-eabi/lib/thumb/v7-m/nofp\libc_nano.a(lib_a-impure.o)
                              c:/dev/armnoneaeabi/10 2021.10/bin/../lib/gcc/arm-none-eabi/10.3.1/../../../../arm-none-eabi/lib/thumb/v7-m/nofp\libc_nano.a(lib_a-exit.o) (_global_impure_ptr)
c:/dev/armnoneaeabi/10 2021.10/bin/../lib/gcc/arm-none-eabi/10.3.1/../../../../arm-none-eabi/lib/thumb/v7-m/nofp\libc_nano.a(lib_a-init.o)
                              c:/dev/armnoneaeabi/10 2021.10/bin/../lib/gcc/arm-none-eabi/10.3.1/../../../../arm-none-eabi/lib/thumb/v7-m/nofp/crt0.o (__libc_init_array)
c:/dev/armnoneaeabi/10 2021.10/bin/../lib/gcc/arm-none-eabi/10.3.1/../../../../arm-none-eabi/lib/thumb/v7-m/nofp\libc_nano.a(lib_a-memset.o)
                              c:/dev/armnoneaeabi/10 2021.10/bin/../lib/gcc/arm-none-eabi/10.3.1/../../../../arm-none-eabi/lib/thumb/v7-m/nofp/crt0.o (memset)
c:/dev/armnoneaeabi/10 2021.10/bin/../lib/gcc/arm-none-eabi/10.3.1/../../../../arm-none-eabi/lib/thumb/v7-m/nofp\libc_nano.a(lib_a-strcmp.o)
                              build/main.o (strcmp)
c:/dev/armnoneaeabi/10 2021.10/bin/../lib/gcc/arm-none-eabi/10.3.1/../../../../arm-none-eabi/lib/thumb/v7-m/nofp\libc_nano.a(lib_a-strlen.o)
                              build/main.o (strlen)
c:/dev/armnoneaeabi/10 2021.10/bin/../lib/gcc/arm-none-eabi/10.3.1/../../../../arm-none-eabi/lib/thumb/v7-m/nofp\libc_nano.a(lib_a-strtok.o)
                              build/main.o (strtok)
c:/dev/armnoneaeabi/10 2021.10/bin/../lib/gcc/arm-none-eabi/10.3.1/../../../../arm-none-eabi/lib/thumb/v7-m/nofp\libc_nano.a(lib_a-strtok_r.o)
                              c:/dev/armnoneaeabi/10 2021.10/bin/../lib/gcc/arm-none-eabi/10.3.1/../../../../arm-none-eabi/lib/thumb/v7-m/nofp\libc_nano.a(lib_a-strtok.o) (__strtok_r)
c:/dev/armnoneaeabi/10 2021.10/bin/../lib/gcc/arm-none-eabi/10.3.1/../../../../arm-none-eabi/lib/thumb/v7-m/nofp\libc_nano.a(lib_a-strtol.o)
                              c:/dev/armnoneaeabi/10 2021.10/bin/../lib/gcc/arm-none-eabi/10.3.1/../../../../arm-none-eabi/lib/thumb/v7-m/nofp\libc_nano.a(lib_a-atoi.o) (_strtol_r)
c:/dev/armnoneaeabi/10 2021.10/bin/../lib/gcc/arm-none-eabi/10.3.1/../../../../arm-none-eabi/lib/thumb/v7-m/nofp\libc_nano.a(lib_a-assert.o)
                              c:/dev/armnoneaeabi/10 2021.10/bin/../lib/gcc/arm-none-eabi/10.3.1/../../../../arm-none-eabi/lib/thumb/v7-m/nofp\libc_nano.a(lib_a-strtok.o) (__assert_func)
c:/dev/armnoneaeabi/10 2021.10/bin/../lib/gcc/arm-none-eabi/10.3.1/../../../../arm-none-eabi/lib/thumb/v7-m/nofp\libc_nano.a(lib_a-ctype_.o)
                              c:/dev/armnoneaeabi/10 2021.10/bin/../lib/gcc/arm-none-eabi/10.3.1/../../../../arm-none-eabi/lib/thumb/v7-m/nofp\libc_nano.a(lib_a-strtol.o) (_ctype_)
c:/dev/armnoneaeabi/10 2021.10/bin/../lib/gcc/arm-none-eabi/10.3.1/../../../../arm-none-eabi/lib/thumb/v7-m/nofp\libc_nano.a(lib_a-errno.o)
                              c:/dev/armnoneaeabi/10 2021.10/bin/../lib/gcc/arm-none-eabi/10.3.1/../../../../arm-none-eabi/lib/thumb/v7-m/nofp\libc_nano.a(lib_a-strtol.o) (__errno)
c:/dev/armnoneaeabi/10 2021.10/bin/../lib/gcc/arm-none-eabi/10.3.1/../../../../arm-none-eabi/lib/thumb/v7-m/nofp\libc_nano.a(lib_a-fprintf.o)
                              c:/dev/armnoneaeabi/10 2021.10/bin/../lib/gcc/arm-none-eabi/10.3.1/../../../../arm-none-eabi/lib/thumb/v7-m/nofp\libc_nano.a(lib_a-assert.o) (fiprintf)
c:/dev/armnoneaeabi/10 2021.10/bin/../lib/gcc/arm-none-eabi/10.3.1/../../../../arm-none-eabi/lib/thumb/v7-m/nofp\libc_nano.a(lib_a-malloc.o)
                              c:/dev/armnoneaeabi/10 2021.10/bin/../lib/gcc/arm-none-eabi/10.3.1/../../../../arm-none-eabi/lib/thumb/v7-m/nofp\libc_nano.a(lib_a-strtok.o) (malloc)
c:/dev/armnoneaeabi/10 2021.10/bin/../lib/gcc/arm-none-eabi/10.3.1/../../../../arm-none-eabi/lib/thumb/v7-m/nofp\libc_nano.a(lib_a-nano-freer.o)
                              c:/dev/armnoneaeabi/10 2021.10/bin/../lib/gcc/arm-none-eabi/10.3.1/../../../../arm-none-eabi/lib/thumb/v7-m/nofp\libc_nano.a(lib_a-malloc.o) (_free_r)
c:/dev/armnoneaeabi/10 2021.10/bin/../lib/gcc/arm-none-eabi/10.3.1/../../../../arm-none-eabi/lib/thumb/v7-m/nofp\libc_nano.a(lib_a-nano-mallocr.o)
                              c:/dev/armnoneaeabi/10 2021.10/bin/../lib/gcc/arm-none-eabi/10.3.1/../../../../arm-none-eabi/lib/thumb/v7-m/nofp\libc_nano.a(lib_a-malloc.o) (_malloc_r)
[...]
Memory Configuration

Name             Origin             Length             Attributes
RAM              0x20000000         0x00005000         xrw
FLASH            0x08000000         0x00010000         xr
*default*        0x00000000         0xffffffff

Linker script and memory map

LOAD c:/dev/armnoneaeabi/10 2021.10/bin/../lib/gcc/arm-none-eabi/10.3.1/thumb/v7-m/nofp/crti.o
LOAD c:/dev/armnoneaeabi/10 2021.10/bin/../lib/gcc/arm-none-eabi/10.3.1/thumb/v7-m/nofp/crtbegin.o
LOAD c:/dev/armnoneaeabi/10 2021.10/bin/../lib/gcc/arm-none-eabi/10.3.1/../../../../arm-none-eabi/lib/thumb/v7-m/nofp/crt0.o
LOAD build/main.o
LOAD build/gpio.o
LOAD build/dma.o
LOAD build/tim.o
LOAD build/stm32f1xx_it.o
LOAD build/stm32f1xx_hal_msp.o
LOAD build/stm32f1xx_hal_gpio_ex.o
LOAD build/stm32f1xx_hal_tim.o
LOAD build/stm32f1xx_hal_tim_ex.o
LOAD build/stm32f1xx_hal.o
LOAD build/stm32f1xx_hal_rcc.o
LOAD build/stm32f1xx_hal_rcc_ex.o
LOAD build/stm32f1xx_hal_gpio.o
LOAD build/stm32f1xx_hal_dma.o
LOAD build/stm32f1xx_hal_cortex.o
LOAD build/stm32f1xx_hal_pwr.o
LOAD build/stm32f1xx_hal_flash.o
LOAD build/stm32f1xx_hal_flash_ex.o
LOAD build/stm32f1xx_hal_exti.o
LOAD build/system_stm32f1xx.o
LOAD build/usart.o
LOAD build/stm32f1xx_hal_uart.o
LOAD build/startup_stm32f103xb.o
LOAD c:/dev/armnoneaeabi/10 2021.10/bin/../lib/gcc/arm-none-eabi/10.3.1/../../../../arm-none-eabi/lib/thumb/v7-m/nofp\libc_nano.a
LOAD c:/dev/armnoneaeabi/10 2021.10/bin/../lib/gcc/arm-none-eabi/10.3.1/../../../../arm-none-eabi/lib/thumb/v7-m/nofp\libm.a
LOAD c:/dev/armnoneaeabi/10 2021.10/bin/../lib/gcc/arm-none-eabi/10.3.1/../../../../arm-none-eabi/lib/thumb/v7-m/nofp\libnosys.a
START GROUP
LOAD c:/dev/armnoneaeabi/10 2021.10/bin/../lib/gcc/arm-none-eabi/10.3.1/thumb/v7-m/nofp\libgcc.a
LOAD c:/dev/armnoneaeabi/10 2021.10/bin/../lib/gcc/arm-none-eabi/10.3.1/../../../../arm-none-eabi/lib/thumb/v7-m/nofp\libc_nano.a
END GROUP
START GROUP
LOAD c:/dev/armnoneaeabi/10 2021.10/bin/../lib/gcc/arm-none-eabi/10.3.1/thumb/v7-m/nofp\libgcc.a
LOAD c:/dev/armnoneaeabi/10 2021.10/bin/../lib/gcc/arm-none-eabi/10.3.1/../../../../arm-none-eabi/lib/thumb/v7-m/nofp\libc_nano.a
END GROUP
LOAD c:/dev/armnoneaeabi/10 2021.10/bin/../lib/gcc/arm-none-eabi/10.3.1/thumb/v7-m/nofp/crtend.o
LOAD c:/dev/armnoneaeabi/10 2021.10/bin/../lib/gcc/arm-none-eabi/10.3.1/thumb/v7-m/nofp/crtn.o
                0x20005000                _estack = (ORIGIN (RAM) + LENGTH (RAM))
                0x00000200                _Min_Heap_Size = 0x200
                0x00000400                _Min_Stack_Size = 0x400

.isr_vector     0x08000000      0x10c
                0x08000000                . = ALIGN (0x4)
 *(.isr_vector)
 .isr_vector    0x08000000      0x10c build/startup_stm32f103xb.o
                0x08000000                g_pfnVectors
                0x0800010c                . = ALIGN (0x4)

.text           0x08000110     0x3dbc
                0x08000110                . = ALIGN (0x4)
 *(.text)
 .text          0x08000110       0x40 c:/dev/armnoneaeabi/10 2021.10/bin/../lib/gcc/arm-none-eabi/10.3.1/thumb/v7-m/nofp/crtbegin.o
 .text          0x08000150       0x14 c:/dev/armnoneaeabi/10 2021.10/bin/../lib/gcc/arm-none-eabi/10.3.1/../../../../arm-none-eabi/lib/thumb/v7-m/nofp\libc_nano.a(lib_a-strcmp.o)
                0x08000150                strcmp
 .text          0x08000164       0x10 c:/dev/armnoneaeabi/10 2021.10/bin/../lib/gcc/arm-none-eabi/10.3.1/../../../../arm-none-eabi/lib/thumb/v7-m/nofp\libc_nano.a(lib_a-strlen.o)
                0x08000164                strlen
 .text          0x08000174      0x378 c:/dev/armnoneaeabi/10 2021.10/bin/../lib/gcc/arm-none-eabi/10.3.1/thumb/v7-m/nofp\libgcc.a(_arm_addsubdf3.o)
                0x08000174                __aeabi_drsub
                0x0800017c                __aeabi_dsub
                0x0800017c                __subdf3
                0x08000180                __aeabi_dadd
                0x08000180                __adddf3
                0x080003f8                __floatunsidf
                0x080003f8                __aeabi_ui2d
                0x08000418                __floatsidf
                0x08000418                __aeabi_i2d
                0x0800043c                __aeabi_f2d
                0x0800043c                __extendsfdf2
                0x08000480                __floatundidf
                0x08000480                __aeabi_ul2d
                0x08000490                __floatdidf
                0x08000490                __aeabi_l2d
 .text          0x080004ec      0x424 c:/dev/armnoneaeabi/10 2021.10/bin/../lib/gcc/arm-none-eabi/10.3.1/thumb/v7-m/nofp\libgcc.a(_arm_muldivdf3.o)
                0x080004ec                __aeabi_dmul
                0x080004ec                __muldf3
                0x08000740                __divdf3
                0x08000740                __aeabi_ddiv
 .text          0x08000910       0x50 c:/dev/armnoneaeabi/10 2021.10/bin/../lib/gcc/arm-none-eabi/10.3.1/thumb/v7-m/nofp\libgcc.a(_arm_fixdfsi.o)
                0x08000910                __aeabi_d2iz
                0x08000910                __fixdfsi
 *(.text*)
 .text.log_data
                0x08000960       0x1c build/main.o
                0x08000960                log_data
 .text.HAL_UART_RxCpltCallback
                0x0800097c       0x80 build/main.o
                0x0800097c                HAL_UART_RxCpltCallback
 .text.Error_Handler
                0x080009fc        0x4 build/main.o
                0x080009fc                Error_Handler
 .text.SystemClock_Config
                0x08000a00       0x64 build/main.o
                0x08000a00                SystemClock_Config
 *fill*         0x08000a64        0x4 
 .text.main     0x08000a68      0x264 build/main.o
                0x08000a68                main
 .text.MX_GPIO_Init
                0x08000ccc       0x44 build/gpio.o
                0x08000ccc                MX_GPIO_Init
 .text.MX_DMA_Init
                0x08000d10       0x44 build/dma.o
                0x08000d10                MX_DMA_Init
 .text.HAL_TIM_Base_MspInit
                0x08000d54       0xc8 build/tim.o
                0x08000d54                HAL_TIM_Base_MspInit
 .text.HAL_TIM_MspPostInit
                0x08000e1c       0x80 build/tim.o
                0x08000e1c                HAL_TIM_MspPostInit
 .text.MX_TIM1_Init
                0x08000e9c       0xe8 build/tim.o
                0x08000e9c                MX_TIM1_Init
 .text.MX_TIM2_Init
                0x08000f84       0xb0 build/tim.o
                0x08000f84                MX_TIM2_Init
 .text.NMI_Handler
                0x08001034        0x2 build/stm32f1xx_it.o
                0x08001034                NMI_Handler
 .text.HardFault_Handler
                0x08001036        0x2 build/stm32f1xx_it.o
                0x08001036                HardFault_Handler
 .text.MemManage_Handler
                0x08001038        0x2 build/stm32f1xx_it.o
                0x08001038                MemManage_Handler
 .text.BusFault_Handler
                0x0800103a        0x2 build/stm32f1xx_it.o
                0x0800103a                BusFault_Handler
 .text.UsageFault_Handler
                0x0800103c        0x2 build/stm32f1xx_it.o
                0x0800103c                UsageFault_Handler
 .text.SVC_Handler
                0x0800103e        0x2 build/stm32f1xx_it.o
                0x0800103e                SVC_Handler
 .text.DebugMon_Handler
                0x08001040        0x2 build/stm32f1xx_it.o
                0x08001040                DebugMon_Handler
 .text.PendSV_Handler
                0x08001042        0x2 build/stm32f1xx_it.o
                0x08001042                PendSV_Handler
 .text.SysTick_Handler
                0x08001044        0x8 build/stm32f1xx_it.o
                0x08001044                SysTick_Handler
 .text.DMA1_Channel2_IRQHandler
                0x0800104c       0x10 build/stm32f1xx_it.o
                0x0800104c                DMA1_Channel2_IRQHandler
 .text.DMA1_Channel7_IRQHandler
                0x0800105c       0x10 build/stm32f1xx_it.o
                0x0800105c                DMA1_Channel7_IRQHandler
 .text.USART1_IRQHandler
                0x0800106c       0x10 build/stm32f1xx_it.o
                0x0800106c                USART1_IRQHandler
 .text.HAL_MspInit
                0x0800107c       0x44 build/stm32f1xx_hal_msp.o
                0x0800107c                HAL_MspInit
 .text.TIM_OC1_SetConfig
                0x080010c0       0x5c build/stm32f1xx_hal_tim.o
 .text.TIM_OC3_SetConfig
                0x0800111c       0x64 build/stm32f1xx_hal_tim.o
 .text.TIM_OC4_SetConfig
                0x08001180       0x48 build/stm32f1xx_hal_tim.o
 .text.TIM_TI1_ConfigInputStage
                0x080011c8       0x24 build/stm32f1xx_hal_tim.o
 .text.TIM_TI2_ConfigInputStage
                0x080011ec       0x26 build/stm32f1xx_hal_tim.o
 .text.TIM_ITRx_SetConfig
                0x08001212       0x10 build/stm32f1xx_hal_tim.o
 .text.HAL_TIM_PWM_MspInit
                0x08001222        0x2 build/stm32f1xx_hal_tim.o
                0x08001222                HAL_TIM_PWM_MspInit
 .text.TIM_Base_SetConfig
                0x08001224       0x74 build/stm32f1xx_hal_tim.o
                0x08001224                TIM_Base_SetConfig
 .text.HAL_TIM_Base_Init
                0x08001298       0x58 build/stm32f1xx_hal_tim.o
                0x08001298                HAL_TIM_Base_Init
 .text.HAL_TIM_PWM_Init
                0x080012f0       0x58 build/stm32f1xx_hal_tim.o
                0x080012f0                HAL_TIM_PWM_Init
 .text.TIM_OC2_SetConfig
                0x08001348       0x64 build/stm32f1xx_hal_tim.o
                0x08001348                TIM_OC2_SetConfig
 .text.HAL_TIM_PWM_ConfigChannel
                0x080013ac       0xdc build/stm32f1xx_hal_tim.o
                0x080013ac                HAL_TIM_PWM_ConfigChannel
 .text.TIM_ETR_SetConfig
                0x08001488       0x18 build/stm32f1xx_hal_tim.o
                0x08001488                TIM_ETR_SetConfig
 .text.HAL_TIM_ConfigClockSource
                0x080014a0       0xfe build/stm32f1xx_hal_tim.o
                0x080014a0                HAL_TIM_ConfigClockSource
 .text.TIM_CCxChannelCmd
                0x0800159e       0x1e build/stm32f1xx_hal_tim.o
                0x0800159e                TIM_CCxChannelCmd
 .text.HAL_TIM_PWM_Start
                0x080015bc       0xdc build/stm32f1xx_hal_tim.o
                0x080015bc                HAL_TIM_PWM_Start
 .text.HAL_TIMEx_MasterConfigSynchronization
                0x08001698       0x6c build/stm32f1xx_hal_tim_ex.o
                0x08001698                HAL_TIMEx_MasterConfigSynchronization
 .text.HAL_TIMEx_ConfigBreakDeadTime
                0x08001704       0x52 build/stm32f1xx_hal_tim_ex.o
                0x08001704                HAL_TIMEx_ConfigBreakDeadTime
 *fill*         0x08001756        0x2 
 .text.HAL_InitTick
                0x08001758       0x4c build/stm32f1xx_hal.o
                0x08001758                HAL_InitTick
 .text.HAL_Init
                0x080017a4       0x24 build/stm32f1xx_hal.o
                0x080017a4                HAL_Init
 .text.HAL_IncTick
                0x080017c8       0x18 build/stm32f1xx_hal.o
                0x080017c8                HAL_IncTick
 .text.HAL_GetTick
                0x080017e0        0xc build/stm32f1xx_hal.o
                0x080017e0                HAL_GetTick
 .text.HAL_Delay
                0x080017ec       0x28 build/stm32f1xx_hal.o
                0x080017ec                HAL_Delay
 .text.RCC_Delay
                0x08001814       0x2c build/stm32f1xx_hal_rcc.o
 .text.HAL_RCC_OscConfig
                0x08001840      0x410 build/stm32f1xx_hal_rcc.o
                0x08001840                HAL_RCC_OscConfig
 .text.HAL_RCC_GetSysClockFreq
                0x08001c50       0x54 build/stm32f1xx_hal_rcc.o
                0x08001c50                HAL_RCC_GetSysClockFreq
 .text.HAL_RCC_ClockConfig
                0x08001ca4      0x16c build/stm32f1xx_hal_rcc.o
                0x08001ca4                HAL_RCC_ClockConfig
 .text.HAL_RCC_GetHCLKFreq
                0x08001e10        0xc build/stm32f1xx_hal_rcc.o
                0x08001e10                HAL_RCC_GetHCLKFreq
 .text.HAL_RCC_GetPCLK1Freq
                0x08001e1c       0x20 build/stm32f1xx_hal_rcc.o
                0x08001e1c                HAL_RCC_GetPCLK1Freq
 .text.HAL_RCC_GetPCLK2Freq
                0x08001e3c       0x20 build/stm32f1xx_hal_rcc.o
                0x08001e3c                HAL_RCC_GetPCLK2Freq
 .text.HAL_GPIO_Init
                0x08001e5c      0x224 build/stm32f1xx_hal_gpio.o
                0x08001e5c                HAL_GPIO_Init
 .text.HAL_DMA_Init
                0x08002080       0x6c build/stm32f1xx_hal_dma.o
                0x08002080                HAL_DMA_Init
 .text.HAL_DMA_Abort
                0x080020ec       0x46 build/stm32f1xx_hal_dma.o
                0x080020ec                HAL_DMA_Abort
 *fill*         0x08002132        0x2 
 .text.HAL_DMA_Abort_IT
                0x08002134       0x98 build/stm32f1xx_hal_dma.o
                0x08002134                HAL_DMA_Abort_IT
 .text.HAL_DMA_IRQHandler
                0x080021cc      0x144 build/stm32f1xx_hal_dma.o
                0x080021cc                HAL_DMA_IRQHandler
 .text.HAL_NVIC_SetPriorityGrouping
                0x08002310       0x24 build/stm32f1xx_hal_cortex.o
                0x08002310                HAL_NVIC_SetPriorityGrouping
 .text.HAL_NVIC_SetPriority
                0x08002334       0x70 build/stm32f1xx_hal_cortex.o
                0x08002334                HAL_NVIC_SetPriority
 .text.HAL_NVIC_EnableIRQ
                0x080023a4       0x1c build/stm32f1xx_hal_cortex.o
                0x080023a4                HAL_NVIC_EnableIRQ
 .text.HAL_SYSTICK_Config
                0x080023c0       0x28 build/stm32f1xx_hal_cortex.o
                0x080023c0                HAL_SYSTICK_Config
 .text.SystemInit
                0x080023e8        0x2 build/system_stm32f1xx.o
                0x080023e8                SystemInit
 *fill*         0x080023ea        0x2 
 .text.MX_USART1_UART_Init
                0x080023ec       0x34 build/usart.o
                0x080023ec                MX_USART1_UART_Init
 .text.HAL_UART_MspInit
                0x08002420       0x88 build/usart.o
                0x08002420                HAL_UART_MspInit
 .text.UART_EndRxTransfer
                0x080024a8       0x5c build/stm32f1xx_hal_uart.o
 .text.UART_Transmit_IT
                0x08002504       0x60 build/stm32f1xx_hal_uart.o
 .text.UART_SetConfig
                0x08002564       0x94 build/stm32f1xx_hal_uart.o
 .text.UART_WaitOnFlagUntilTimeout
                0x080025f8       0x88 build/stm32f1xx_hal_uart.o
 .text.HAL_UART_Init
                0x08002680       0x60 build/stm32f1xx_hal_uart.o
                0x08002680                HAL_UART_Init
 .text.HAL_UART_Transmit
                0x080026e0       0xbe build/stm32f1xx_hal_uart.o
                0x080026e0                HAL_UART_Transmit
 .text.HAL_UART_TxCpltCallback
                0x0800279e        0x2 build/stm32f1xx_hal_uart.o
                0x0800279e                HAL_UART_TxCpltCallback
 .text.UART_EndTransmit_IT
                0x080027a0       0x1a build/stm32f1xx_hal_uart.o
 .text.HAL_UART_ErrorCallback
                0x080027ba        0x2 build/stm32f1xx_hal_uart.o
                0x080027ba                HAL_UART_ErrorCallback
 .text.UART_DMAAbortOnError
                0x080027bc       0x10 build/stm32f1xx_hal_uart.o
 .text.HAL_UARTEx_RxEventCallback
                0x080027cc        0x2 build/stm32f1xx_hal_uart.o
                0x080027cc                HAL_UARTEx_RxEventCallback
 .text.UART_Receive_IT
                0x080027ce       0xe6 build/stm32f1xx_hal_uart.o
 .text.HAL_UART_IRQHandler
                0x080028b4      0x288 build/stm32f1xx_hal_uart.o
                0x080028b4                HAL_UART_IRQHandler
 .text.UART_Start_Receive_IT
                0x08002b3c       0x36 build/stm32f1xx_hal_uart.o
                0x08002b3c                UART_Start_Receive_IT
 .text.HAL_UART_Receive_IT
                0x08002b72       0x26 build/stm32f1xx_hal_uart.o
                0x08002b72                HAL_UART_Receive_IT
 .text.Reset_Handler
                0x08002b98       0x48 build/startup_stm32f103xb.o
                0x08002b98                Reset_Handler
 .text.Default_Handler
                0x08002be0        0x2 build/startup_stm32f103xb.o
                0x08002be0                RTC_Alarm_IRQHandler
                0x08002be0                EXTI2_IRQHandler
                0x08002be0                TIM1_CC_IRQHandler
                0x08002be0                PVD_IRQHandler
                0x08002be0                EXTI3_IRQHandler
                0x08002be0                EXTI0_IRQHandler
                0x08002be0                I2C2_EV_IRQHandler
                0x08002be0                ADC1_2_IRQHandler
                0x08002be0                SPI1_IRQHandler
                0x08002be0                TAMPER_IRQHandler
                0x08002be0                DMA1_Channel4_IRQHandler
                0x08002be0                USART3_IRQHandler
                0x08002be0                RTC_IRQHandler
                0x08002be0                CAN1_RX1_IRQHandler
                0x08002be0                TIM4_IRQHandler
                0x08002be0                I2C1_EV_IRQHandler
                0x08002be0                DMA1_Channel6_IRQHandler
                0x08002be0                TIM3_IRQHandler
                0x08002be0                RCC_IRQHandler
                0x08002be0                TIM1_TRG_COM_IRQHandler
                0x08002be0                DMA1_Channel1_IRQHandler
                0x08002be0                Default_Handler
                0x08002be0                EXTI15_10_IRQHandler
                0x08002be0                EXTI9_5_IRQHandler
                0x08002be0                SPI2_IRQHandler
                0x08002be0                DMA1_Channel5_IRQHandler
                0x08002be0                EXTI4_IRQHandler
                0x08002be0                USB_LP_CAN1_RX0_IRQHandler
                0x08002be0                USB_HP_CAN1_TX_IRQHandler
                0x08002be0                DMA1_Channel3_IRQHandler
                0x08002be0                TIM1_UP_IRQHandler
                0x08002be0                WWDG_IRQHandler
                0x08002be0                TIM2_IRQHandler
                0x08002be0                TIM1_BRK_IRQHandler
                0x08002be0                EXTI1_IRQHandler
                0x08002be0                USART2_IRQHandler
                0x08002be0                I2C2_ER_IRQHandler
                0x08002be0                CAN1_SCE_IRQHandler
                0x08002be0                FLASH_IRQHandler
                0x08002be0                I2C1_ER_IRQHandler
                0x08002be0                USBWakeUp_IRQHandler
 .text.atoi     0x08002be2        0x8 c:/dev/armnoneaeabi/10 2021.10/bin/../lib/gcc/arm-none-eabi/10.3.1/../../../../arm-none-eabi/lib/thumb/v7-m/nofp\libc_nano.a(lib_a-atoi.o)
                0x08002be2                atoi
 *fill*         0x08002bea        0x2 
 .text.__libc_init_array
                0x08002bec       0x48 c:/dev/armnoneaeabi/10 2021.10/bin/../lib/gcc/arm-none-eabi/10.3.1/../../../../arm-none-eabi/lib/thumb/v7-m/nofp\libc_nano.a(lib_a-init.o)
                0x08002bec                __libc_init_array
 .text.memset   0x08002c34       0x10 c:/dev/armnoneaeabi/10 2021.10/bin/../lib/gcc/arm-none-eabi/10.3.1/../../../../arm-none-eabi/lib/thumb/v7-m/nofp\libc_nano.a(lib_a-memset.o)
                0x08002c34                memset
 .text.strtok   0x08002c44       0x68 c:/dev/armnoneaeabi/10 2021.10/bin/../lib/gcc/arm-none-eabi/10.3.1/../../../../arm-none-eabi/lib/thumb/v7-m/nofp\libc_nano.a(lib_a-strtok.o)
                0x08002c44                strtok
 .text.__strtok_r
                0x08002cac       0x50 c:/dev/armnoneaeabi/10 2021.10/bin/../lib/gcc/arm-none-eabi/10.3.1/../../../../arm-none-eabi/lib/thumb/v7-m/nofp\libc_nano.a(lib_a-strtok_r.o)
                0x08002cac                __strtok_r
 .text._strtol_l.constprop.0
                0x08002cfc       0xf8 c:/dev/armnoneaeabi/10 2021.10/bin/../lib/gcc/arm-none-eabi/10.3.1/../../../../arm-none-eabi/lib/thumb/v7-m/nofp\libc_nano.a(lib_a-strtol.o)
 .text.strtol   0x08002df4       0x14 c:/dev/armnoneaeabi/10 2021.10/bin/../lib/gcc/arm-none-eabi/10.3.1/../../../../arm-none-eabi/lib/thumb/v7-m/nofp\libc_nano.a(lib_a-strtol.o)
                0x08002df4                strtol
 .text.__assert_func
                0x08002e08       0x3c c:/dev/armnoneaeabi/10 2021.10/bin/../lib/gcc/arm-none-eabi/10.3.1/../../../../arm-none-eabi/lib/thumb/v7-m/nofp\libc_nano.a(lib_a-assert.o)
                0x08002e08                __assert_func
 .text.__errno  0x08002e44        0xc c:/dev/armnoneaeabi/10 2021.10/bin/../lib/gcc/arm-none-eabi/10.3.1/../../../../arm-none-eabi/lib/thumb/v7-m/nofp\libc_nano.a(lib_a-errno.o)
                0x08002e44                __errno
 .text.fprintf  0x08002e50       0x24 c:/dev/armnoneaeabi/10 2021.10/bin/../lib/gcc/arm-none-eabi/10.3.1/../../../../arm-none-eabi/lib/thumb/v7-m/nofp\libc_nano.a(lib_a-fprintf.o)
                0x08002e50                fiprintf
                0x08002e50                fprintf
 .text.malloc   0x08002e74       0x10 c:/dev/armnoneaeabi/10 2021.10/bin/../lib/gcc/arm-none-eabi/10.3.1/../../../../arm-none-eabi/lib/thumb/v7-m/nofp\libc_nano.a(lib_a-malloc.o)
                0x08002e74                malloc
 .text._free_r  0x08002e84       0x90 c:/dev/armnoneaeabi/10 2021.10/bin/../lib/gcc/arm-none-eabi/10.3.1/../../../../arm-none-eabi/lib/thumb/v7-m/nofp\libc_nano.a(lib_a-nano-freer.o)
                0x08002e84                _free_r
 .text.sbrk_aligned
                0x08002f14       0x40 c:/dev/armnoneaeabi/10 2021.10/bin/../lib/gcc/arm-none-eabi/10.3.1/../../../../arm-none-eabi/lib/thumb/v7-m/nofp\libc_nano.a(lib_a-nano-mallocr.o)
 .text._malloc_r
                0x08002f54       0xe8 c:/dev/armnoneaeabi/10 2021.10/bin/../lib/gcc/arm-none-eabi/10.3.1/../../../../arm-none-eabi/lib/thumb/v7-m/nofp\libc_nano.a(lib_a-nano-mallocr.o)
                0x08002f54                _malloc_r
 .text.__sfputc_r
                0x0800303c       0x2a c:/dev/armnoneaeabi/10 2021.10/bin/../lib/gcc/arm-none-eabi/10.3.1/../../../../arm-none-eabi/lib/thumb/v7-m/nofp\libc_nano.a(lib_a-nano-vfprintf.o)
 .text.__sfputs_r
                0x08003066       0x24 c:/dev/armnoneaeabi/10 2021.10/bin/../lib/gcc/arm-none-eabi/10.3.1/../../../../arm-none-eabi/lib/thumb/v7-m/nofp\libc_nano.a(lib_a-nano-vfprintf.o)
                0x08003066                __sfputs_r
 *fill*         0x0800308a        0x2 
 .text._vfprintf_r
                0x0800308c      0x260 c:/dev/armnoneaeabi/10 2021.10/bin/../lib/gcc/arm-none-eabi/10.3.1/../../../../arm-none-eabi/lib/thumb/v7-m/nofp\libc_nano.a(lib_a-nano-vfprintf.o)
                0x0800308c                _vfprintf_r
                0x0800308c                _vfiprintf_r
 .text._printf_common
                0x080032ec       0xde c:/dev/armnoneaeabi/10 2021.10/bin/../lib/gcc/arm-none-eabi/10.3.1/../../../../arm-none-eabi/lib/thumb/v7-m/nofp\libc_nano.a(lib_a-nano-vfprintf_i.o)
                0x080032ec                _printf_common
 *fill*         0x080033ca        0x2 
 .text._printf_i
                0x080033cc      0x24c c:/dev/armnoneaeabi/10 2021.10/bin/../lib/gcc/arm-none-eabi/10.3.1/../../../../arm-none-eabi/lib/thumb/v7-m/nofp\libc_nano.a(lib_a-nano-vfprintf_i.o)
                0x080033cc                _printf_i
 .text._sbrk_r  0x08003618       0x20 c:/dev/armnoneaeabi/10 2021.10/bin/../lib/gcc/arm-none-eabi/10.3.1/../../../../arm-none-eabi/lib/thumb/v7-m/nofp\libc_nano.a(lib_a-sbrkr.o)
                0x08003618                _sbrk_r
 .text.__swbuf_r
                0x08003638       0xa4 c:/dev/armnoneaeabi/10 2021.10/bin/../lib/gcc/arm-none-eabi/10.3.1/../../../../arm-none-eabi/lib/thumb/v7-m/nofp\libc_nano.a(lib_a-wbuf.o)
                0x08003638                __swbuf_r
 .text.__swsetup_r
                0x080036dc       0xdc c:/dev/armnoneaeabi/10 2021.10/bin/../lib/gcc/arm-none-eabi/10.3.1/../../../../arm-none-eabi/lib/thumb/v7-m/nofp\libc_nano.a(lib_a-wsetup.o)
                0x080036dc                __swsetup_r
 .text.abort    0x080037b8        0xe c:/dev/armnoneaeabi/10 2021.10/bin/../lib/gcc/arm-none-eabi/10.3.1/../../../../arm-none-eabi/lib/thumb/v7-m/nofp\libc_nano.a(lib_a-abort.o)
                0x080037b8                abort
 *fill*         0x080037c6        0x2 
 .text.__sflush_r
                0x080037c8      0x104 c:/dev/armnoneaeabi/10 2021.10/bin/../lib/gcc/arm-none-eabi/10.3.1/../../../../arm-none-eabi/lib/thumb/v7-m/nofp\libc_nano.a(lib_a-fflush.o)
                0x080037c8                __sflush_r
 .text._fflush_r
                0x080038cc       0x78 c:/dev/armnoneaeabi/10 2021.10/bin/../lib/gcc/arm-none-eabi/10.3.1/../../../../arm-none-eabi/lib/thumb/v7-m/nofp\libc_nano.a(lib_a-fflush.o)
                0x080038cc                _fflush_r
 .text.std      0x08003944       0x48 c:/dev/armnoneaeabi/10 2021.10/bin/../lib/gcc/arm-none-eabi/10.3.1/../../../../arm-none-eabi/lib/thumb/v7-m/nofp\libc_nano.a(lib_a-findfp.o)
 .text._cleanup_r
                0x0800398c        0xc c:/dev/armnoneaeabi/10 2021.10/bin/../lib/gcc/arm-none-eabi/10.3.1/../../../../arm-none-eabi/lib/thumb/v7-m/nofp\libc_nano.a(lib_a-findfp.o)
                0x0800398c                _cleanup_r
 .text.__sfmoreglue
                0x08003998       0x2c c:/dev/armnoneaeabi/10 2021.10/bin/../lib/gcc/arm-none-eabi/10.3.1/../../../../arm-none-eabi/lib/thumb/v7-m/nofp\libc_nano.a(lib_a-findfp.o)
                0x08003998                __sfmoreglue
 .text.__sfp_lock_acquire
                0x080039c4        0xc c:/dev/armnoneaeabi/10 2021.10/bin/../lib/gcc/arm-none-eabi/10.3.1/../../../../arm-none-eabi/lib/thumb/v7-m/nofp\libc_nano.a(lib_a-findfp.o)
                0x080039c4                __sfp_lock_acquire
 .text.__sfp_lock_release
                0x080039d0        0xc c:/dev/armnoneaeabi/10 2021.10/bin/../lib/gcc/arm-none-eabi/10.3.1/../../../../arm-none-eabi/lib/thumb/v7-m/nofp\libc_nano.a(lib_a-findfp.o)
                0x080039d0                __sfp_lock_release
 .text.__sinit_lock_acquire
                0x080039dc        0xc c:/dev/armnoneaeabi/10 2021.10/bin/../lib/gcc/arm-none-eabi/10.3.1/../../../../arm-none-eabi/lib/thumb/v7-m/nofp\libc_nano.a(lib_a-findfp.o)
                0x080039dc                __sinit_lock_acquire
 .text.__sinit_lock_release
                0x080039e8        0xc c:/dev/armnoneaeabi/10 2021.10/bin/../lib/gcc/arm-none-eabi/10.3.1/../../../../arm-none-eabi/lib/thumb/v7-m/nofp\libc_nano.a(lib_a-findfp.o)
                0x080039e8                __sinit_lock_release
 .text.__sinit  0x080039f4       0x70 c:/dev/armnoneaeabi/10 2021.10/bin/../lib/gcc/arm-none-eabi/10.3.1/../../../../arm-none-eabi/lib/thumb/v7-m/nofp\libc_nano.a(lib_a-findfp.o)
                0x080039f4                __sinit
 .text.__sfp    0x08003a64       0x8c c:/dev/armnoneaeabi/10 2021.10/bin/../lib/gcc/arm-none-eabi/10.3.1/../../../../arm-none-eabi/lib/thumb/v7-m/nofp\libc_nano.a(lib_a-findfp.o)
                0x08003a64                __sfp
 .text._fwalk_reent
                0x08003af0       0x3e c:/dev/armnoneaeabi/10 2021.10/bin/../lib/gcc/arm-none-eabi/10.3.1/../../../../arm-none-eabi/lib/thumb/v7-m/nofp\libc_nano.a(lib_a-fwalk.o)
                0x08003af0                _fwalk_reent
 .text.__retarget_lock_init_recursive
                0x08003b2e        0x2 c:/dev/armnoneaeabi/10 2021.10/bin/../lib/gcc/arm-none-eabi/10.3.1/../../../../arm-none-eabi/lib/thumb/v7-m/nofp\libc_nano.a(lib_a-lock.o)
                0x08003b2e                __retarget_lock_init_recursive
 .text.__retarget_lock_acquire_recursive
                0x08003b30        0x2 c:/dev/armnoneaeabi/10 2021.10/bin/../lib/gcc/arm-none-eabi/10.3.1/../../../../arm-none-eabi/lib/thumb/v7-m/nofp\libc_nano.a(lib_a-lock.o)
                0x08003b30                __retarget_lock_acquire_recursive
 .text.__retarget_lock_release_recursive
                0x08003b32        0x2 c:/dev/armnoneaeabi/10 2021.10/bin/../lib/gcc/arm-none-eabi/10.3.1/../../../../arm-none-eabi/lib/thumb/v7-m/nofp\libc_nano.a(lib_a-lock.o)
                0x08003b32                __retarget_lock_release_recursive
 .text.__swhatbuf_r
                0x08003b34       0x4a c:/dev/armnoneaeabi/10 2021.10/bin/../lib/gcc/arm-none-eabi/10.3.1/../../../../arm-none-eabi/lib/thumb/v7-m/nofp\libc_nano.a(lib_a-makebuf.o)
                0x08003b34                __swhatbuf_r
 *fill*         0x08003b7e        0x2 
 .text.__smakebuf_r
                0x08003b80       0x80 c:/dev/armnoneaeabi/10 2021.10/bin/../lib/gcc/arm-none-eabi/10.3.1/../../../../arm-none-eabi/lib/thumb/v7-m/nofp\libc_nano.a(lib_a-makebuf.o)
                0x08003b80                __smakebuf_r
 .text.memchr   0x08003c00       0x1c c:/dev/armnoneaeabi/10 2021.10/bin/../lib/gcc/arm-none-eabi/10.3.1/../../../../arm-none-eabi/lib/thumb/v7-m/nofp\libc_nano.a(lib_a-memchr-stub.o)
                0x08003c00                memchr
 .text.__malloc_lock
                0x08003c1c        0xc c:/dev/armnoneaeabi/10 2021.10/bin/../lib/gcc/arm-none-eabi/10.3.1/../../../../arm-none-eabi/lib/thumb/v7-m/nofp\libc_nano.a(lib_a-mlock.o)
                0x08003c1c                __malloc_lock
 .text.__malloc_unlock
                0x08003c28        0xc c:/dev/armnoneaeabi/10 2021.10/bin/../lib/gcc/arm-none-eabi/10.3.1/../../../../arm-none-eabi/lib/thumb/v7-m/nofp\libc_nano.a(lib_a-mlock.o)
                0x08003c28                __malloc_unlock
 .text._raise_r
                0x08003c34       0x50 c:/dev/armnoneaeabi/10 2021.10/bin/../lib/gcc/arm-none-eabi/10.3.1/../../../../arm-none-eabi/lib/thumb/v7-m/nofp\libc_nano.a(lib_a-signal.o)
                0x08003c34                _raise_r
 .text.raise    0x08003c84       0x10 c:/dev/armnoneaeabi/10 2021.10/bin/../lib/gcc/arm-none-eabi/10.3.1/../../../../arm-none-eabi/lib/thumb/v7-m/nofp\libc_nano.a(lib_a-signal.o)
                0x08003c84                raise
 .text._kill_r  0x08003c94       0x24 c:/dev/armnoneaeabi/10 2021.10/bin/../lib/gcc/arm-none-eabi/10.3.1/../../../../arm-none-eabi/lib/thumb/v7-m/nofp\libc_nano.a(lib_a-signalr.o)
                0x08003c94                _kill_r
 .text._getpid_r
                0x08003cb8        0x4 c:/dev/armnoneaeabi/10 2021.10/bin/../lib/gcc/arm-none-eabi/10.3.1/../../../../arm-none-eabi/lib/thumb/v7-m/nofp\libc_nano.a(lib_a-signalr.o)
                0x08003cb8                _getpid_r
 .text.__sread  0x08003cbc       0x22 c:/dev/armnoneaeabi/10 2021.10/bin/../lib/gcc/arm-none-eabi/10.3.1/../../../../arm-none-eabi/lib/thumb/v7-m/nofp\libc_nano.a(lib_a-stdio.o)
                0x08003cbc                __sread
 .text.__swrite
                0x08003cde       0x38 c:/dev/armnoneaeabi/10 2021.10/bin/../lib/gcc/arm-none-eabi/10.3.1/../../../../arm-none-eabi/lib/thumb/v7-m/nofp\libc_nano.a(lib_a-stdio.o)
                0x08003cde                __swrite
 .text.__sseek  0x08003d16       0x24 c:/dev/armnoneaeabi/10 2021.10/bin/../lib/gcc/arm-none-eabi/10.3.1/../../../../arm-none-eabi/lib/thumb/v7-m/nofp\libc_nano.a(lib_a-stdio.o)
                0x08003d16                __sseek
 .text.__sclose
                0x08003d3a        0x8 c:/dev/armnoneaeabi/10 2021.10/bin/../lib/gcc/arm-none-eabi/10.3.1/../../../../arm-none-eabi/lib/thumb/v7-m/nofp\libc_nano.a(lib_a-stdio.o)
                0x08003d3a                __sclose
 *fill*         0x08003d42        0x2 
 .text._write_r
                0x08003d44       0x24 c:/dev/armnoneaeabi/10 2021.10/bin/../lib/gcc/arm-none-eabi/10.3.1/../../../../arm-none-eabi/lib/thumb/v7-m/nofp\libc_nano.a(lib_a-writer.o)
                0x08003d44                _write_r
 .text._close_r
                0x08003d68       0x20 c:/dev/armnoneaeabi/10 2021.10/bin/../lib/gcc/arm-none-eabi/10.3.1/../../../../arm-none-eabi/lib/thumb/v7-m/nofp\libc_nano.a(lib_a-closer.o)
                0x08003d68                _close_r
 .text._fstat_r
                0x08003d88       0x24 c:/dev/armnoneaeabi/10 2021.10/bin/../lib/gcc/arm-none-eabi/10.3.1/../../../../arm-none-eabi/lib/thumb/v7-m/nofp\libc_nano.a(lib_a-fstatr.o)
                0x08003d88                _fstat_r
 .text._isatty_r
                0x08003dac       0x20 c:/dev/armnoneaeabi/10 2021.10/bin/../lib/gcc/arm-none-eabi/10.3.1/../../../../arm-none-eabi/lib/thumb/v7-m/nofp\libc_nano.a(lib_a-isattyr.o)
                0x08003dac                _isatty_r
 .text._lseek_r
                0x08003dcc       0x24 c:/dev/armnoneaeabi/10 2021.10/bin/../lib/gcc/arm-none-eabi/10.3.1/../../../../arm-none-eabi/lib/thumb/v7-m/nofp\libc_nano.a(lib_a-lseekr.o)
                0x08003dcc                _lseek_r
 .text._read_r  0x08003df0       0x24 c:/dev/armnoneaeabi/10 2021.10/bin/../lib/gcc/arm-none-eabi/10.3.1/../../../../arm-none-eabi/lib/thumb/v7-m/nofp\libc_nano.a(lib_a-readr.o)
                0x08003df0                _read_r
 .text._close   0x08003e14       0x10 c:/dev/armnoneaeabi/10 2021.10/bin/../lib/gcc/arm-none-eabi/10.3.1/../../../../arm-none-eabi/lib/thumb/v7-m/nofp\libnosys.a(close.o)
                0x08003e14                _close
 .text._fstat   0x08003e24       0x10 c:/dev/armnoneaeabi/10 2021.10/bin/../lib/gcc/arm-none-eabi/10.3.1/../../../../arm-none-eabi/lib/thumb/v7-m/nofp\libnosys.a(fstat.o)
                0x08003e24                _fstat
 .text._getpid  0x08003e34       0x10 c:/dev/armnoneaeabi/10 2021.10/bin/../lib/gcc/arm-none-eabi/10.3.1/../../../../arm-none-eabi/lib/thumb/v7-m/nofp\libnosys.a(getpid.o)
                0x08003e34                _getpid
 .text._isatty  0x08003e44       0x10 c:/dev/armnoneaeabi/10 2021.10/bin/../lib/gcc/arm-none-eabi/10.3.1/../../../../arm-none-eabi/lib/thumb/v7-m/nofp\libnosys.a(isatty.o)
                0x08003e44                _isatty
 .text._kill    0x08003e54       0x10 c:/dev/armnoneaeabi/10 2021.10/bin/../lib/gcc/arm-none-eabi/10.3.1/../../../../arm-none-eabi/lib/thumb/v7-m/nofp\libnosys.a(kill.o)
                0x08003e54                _kill
 .text._lseek   0x08003e64       0x10 c:/dev/armnoneaeabi/10 2021.10/bin/../lib/gcc/arm-none-eabi/10.3.1/../../../../arm-none-eabi/lib/thumb/v7-m/nofp\libnosys.a(lseek.o)
                0x08003e64                _lseek
 .text._read    0x08003e74       0x10 c:/dev/armnoneaeabi/10 2021.10/bin/../lib/gcc/arm-none-eabi/10.3.1/../../../../arm-none-eabi/lib/thumb/v7-m/nofp\libnosys.a(read.o)
                0x08003e74                _read
 .text._sbrk    0x08003e84       0x1c c:/dev/armnoneaeabi/10 2021.10/bin/../lib/gcc/arm-none-eabi/10.3.1/../../../../arm-none-eabi/lib/thumb/v7-m/nofp\libnosys.a(sbrk.o)
                0x08003e84                _sbrk
 .text._write   0x08003ea0       0x10 c:/dev/armnoneaeabi/10 2021.10/bin/../lib/gcc/arm-none-eabi/10.3.1/../../../../arm-none-eabi/lib/thumb/v7-m/nofp\libnosys.a(write.o)
                0x08003ea0                _write
 .text._exit    0x08003eb0        0x4 c:/dev/armnoneaeabi/10 2021.10/bin/../lib/gcc/arm-none-eabi/10.3.1/../../../../arm-none-eabi/lib/thumb/v7-m/nofp\libnosys.a(_exit.o)
                0x08003eb0                _exit
 *(.glue_7)
 .glue_7        0x08003eb4        0x0 linker stubs
 *(.glue_7t)
 .glue_7t       0x08003eb4        0x0 linker stubs
 *(.eh_frame)
 .eh_frame      0x08003eb4        0x0 c:/dev/armnoneaeabi/10 2021.10/bin/../lib/gcc/arm-none-eabi/10.3.1/thumb/v7-m/nofp/crtbegin.o
 *(.init)
 .init          0x08003eb4        0x4 c:/dev/armnoneaeabi/10 2021.10/bin/../lib/gcc/arm-none-eabi/10.3.1/thumb/v7-m/nofp/crti.o
                0x08003eb4                _init
 .init          0x08003eb8        0x8 c:/dev/armnoneaeabi/10 2021.10/bin/../lib/gcc/arm-none-eabi/10.3.1/thumb/v7-m/nofp/crtn.o
 *(.fini)
 .fini          0x08003ec0        0x4 c:/dev/armnoneaeabi/10 2021.10/bin/../lib/gcc/arm-none-eabi/10.3.1/thumb/v7-m/nofp/crti.o
                0x08003ec0                _fini
 .fini          0x08003ec4        0x8 c:/dev/armnoneaeabi/10 2021.10/bin/../lib/gcc/arm-none-eabi/10.3.1/thumb/v7-m/nofp/crtn.o
                0x08003ecc                . = ALIGN (0x4)
                0x08003ecc                _etext = .

.vfp11_veneer   0x08003ecc        0x0
 .vfp11_veneer  0x08003ecc        0x0 linker stubs

.v4_bx          0x08003ecc        0x0
 .v4_bx         0x08003ecc        0x0 linker stubs

.iplt           0x08003ecc        0x0
 .iplt          0x08003ecc        0x0 c:/dev/armnoneaeabi/10 2021.10/bin/../lib/gcc/arm-none-eabi/10.3.1/thumb/v7-m/nofp/crtbegin.o

.rodata         0x08003ecc      0x2c8
                0x08003ecc                . = ALIGN (0x4)
 *(.rodata)
 *(.rodata*)
 .rodata.HAL_UART_RxCpltCallback.str1.4
                0x08003ecc        0xd build/main.o
 *fill*         0x08003ed9        0x3 
 .rodata.main.str1.4
                0x08003edc       0x1e build/main.o
 *fill*         0x08003efa        0x2 
 .rodata.aPLLMULFactorTable.1
                0x08003efc       0x10 build/stm32f1xx_hal_rcc.o
 .rodata.aPredivFactorTable.0
                0x08003f0c        0x2 build/stm32f1xx_hal_rcc.o
 *fill*         0x08003f0e        0x2 
 .rodata.AHBPrescTable
                0x08003f10       0x10 build/system_stm32f1xx.o
                0x08003f10                AHBPrescTable
 .rodata.APBPrescTable
                0x08003f20        0x8 build/system_stm32f1xx.o
                0x08003f20                APBPrescTable
 .rodata._global_impure_ptr
                0x08003f28        0x4 c:/dev/armnoneaeabi/10 2021.10/bin/../lib/gcc/arm-none-eabi/10.3.1/../../../../arm-none-eabi/lib/thumb/v7-m/nofp\libc_nano.a(lib_a-impure.o)
                0x08003f28                _global_impure_ptr
 .rodata.strtok.str1.1
                0x08003f2c       0x97 c:/dev/armnoneaeabi/10 2021.10/bin/../lib/gcc/arm-none-eabi/10.3.1/../../../../arm-none-eabi/lib/thumb/v7-m/nofp\libc_nano.a(lib_a-strtok.o)
 .rodata.__assert_func.str1.1
                0x08003fc3       0x3c c:/dev/armnoneaeabi/10 2021.10/bin/../lib/gcc/arm-none-eabi/10.3.1/../../../../arm-none-eabi/lib/thumb/v7-m/nofp\libc_nano.a(lib_a-assert.o)
                                 0x3d (size before relaxing)
 .rodata._ctype_
                0x08003fff      0x101 c:/dev/armnoneaeabi/10 2021.10/bin/../lib/gcc/arm-none-eabi/10.3.1/../../../../arm-none-eabi/lib/thumb/v7-m/nofp\libc_nano.a(lib_a-ctype_.o)
                0x08003fff                _ctype_
 .rodata._vfprintf_r.str1.1
                0x08004100       0x11 c:/dev/armnoneaeabi/10 2021.10/bin/../lib/gcc/arm-none-eabi/10.3.1/../../../../arm-none-eabi/lib/thumb/v7-m/nofp\libc_nano.a(lib_a-nano-vfprintf.o)
 .rodata._printf_i.str1.1
                0x08004111       0x22 c:/dev/armnoneaeabi/10 2021.10/bin/../lib/gcc/arm-none-eabi/10.3.1/../../../../arm-none-eabi/lib/thumb/v7-m/nofp\libc_nano.a(lib_a-nano-vfprintf_i.o)
 *fill*         0x08004133        0x1 
 .rodata.__sf_fake_stderr
                0x08004134       0x20 c:/dev/armnoneaeabi/10 2021.10/bin/../lib/gcc/arm-none-eabi/10.3.1/../../../../arm-none-eabi/lib/thumb/v7-m/nofp\libc_nano.a(lib_a-findfp.o)
                0x08004134                __sf_fake_stderr
 .rodata.__sf_fake_stdin
                0x08004154       0x20 c:/dev/armnoneaeabi/10 2021.10/bin/../lib/gcc/arm-none-eabi/10.3.1/../../../../arm-none-eabi/lib/thumb/v7-m/nofp\libc_nano.a(lib_a-findfp.o)
                0x08004154                __sf_fake_stdin
 .rodata.__sf_fake_stdout
                0x08004174       0x20 c:/dev/armnoneaeabi/10 2021.10/bin/../lib/gcc/arm-none-eabi/10.3.1/../../../../arm-none-eabi/lib/thumb/v7-m/nofp\libc_nano.a(lib_a-findfp.o)
                0x08004174                __sf_fake_stdout
                0x08004194                . = ALIGN (0x4)

.rel.dyn        0x08004194        0x0
 .rel.iplt      0x08004194        0x0 c:/dev/armnoneaeabi/10 2021.10/bin/../lib/gcc/arm-none-eabi/10.3.1/thumb/v7-m/nofp/crtbegin.o

.ARM.extab
 *(.ARM.extab* .gnu.linkonce.armextab.*)

.ARM            0x08004194        0x0
                0x08004194                __exidx_start = .
 *(.ARM.exidx*)
                0x08004194                __exidx_end = .

.preinit_array  0x08004194        0x0
                0x08004194                PROVIDE (__preinit_array_start = .)
 *(.preinit_array*)
                0x08004194                PROVIDE (__preinit_array_end = .)

.init_array     0x08004194        0x4
                0x08004194                PROVIDE (__init_array_start = .)
 *(SORT_BY_NAME(.init_array.*))
 *(.init_array*)
 .init_array    0x08004194        0x4 c:/dev/armnoneaeabi/10 2021.10/bin/../lib/gcc/arm-none-eabi/10.3.1/thumb/v7-m/nofp/crtbegin.o
                0x08004198                PROVIDE (__init_array_end = .)

.fini_array     0x08004198        0x4
                [!provide]                PROVIDE (__fini_array_start = .)
 *(SORT_BY_NAME(.fini_array.*))
 *(.fini_array*)
 .fini_array    0x08004198        0x4 c:/dev/armnoneaeabi/10 2021.10/bin/../lib/gcc/arm-none-eabi/10.3.1/thumb/v7-m/nofp/crtbegin.o
                [!provide]                PROVIDE (__fini_array_end = .)
                0x0800419c                _sidata = LOADADDR (.data)

.data           0x20000000       0x74 load address 0x0800419c
                0x20000000                . = ALIGN (0x4)
                0x20000000                _sdata = .
 *(.data)
 *(.data*)
 .data.PC_rota2
                0x20000000        0x4 build/main.o
                0x20000000                PC_rota2
 .data.uwTickFreq
                0x20000004        0x1 build/stm32f1xx_hal.o
                0x20000004                uwTickFreq
 *fill*         0x20000005        0x3 
 .data.uwTickPrio
                0x20000008        0x4 build/stm32f1xx_hal.o
                0x20000008                uwTickPrio
 .data.SystemCoreClock
                0x2000000c        0x4 build/system_stm32f1xx.o
                0x2000000c                SystemCoreClock
 .data._impure_ptr
                0x20000010        0x4 c:/dev/armnoneaeabi/10 2021.10/bin/../lib/gcc/arm-none-eabi/10.3.1/../../../../arm-none-eabi/lib/thumb/v7-m/nofp\libc_nano.a(lib_a-impure.o)
                0x20000010                _impure_ptr
 .data.impure_data
                0x20000014       0x60 c:/dev/armnoneaeabi/10 2021.10/bin/../lib/gcc/arm-none-eabi/10.3.1/../../../../arm-none-eabi/lib/thumb/v7-m/nofp\libc_nano.a(lib_a-impure.o)
                0x20000074                . = ALIGN (0x4)
                0x20000074                _edata = .

.igot.plt       0x20000074        0x0 load address 0x08004210
 .igot.plt      0x20000074        0x0 c:/dev/armnoneaeabi/10 2021.10/bin/../lib/gcc/arm-none-eabi/10.3.1/thumb/v7-m/nofp/crtbegin.o
                0x20000074                . = ALIGN (0x4)

.bss            0x20000074      0x1dc load address 0x08004210
                0x20000074                _sbss = .
                0x20000074                __bss_start__ = _sbss
 *(.bss)
 .bss           0x20000074       0x1c c:/dev/armnoneaeabi/10 2021.10/bin/../lib/gcc/arm-none-eabi/10.3.1/thumb/v7-m/nofp/crtbegin.o
 *(.bss*)
 .bss.Mode      0x20000090        0x4 build/main.o
                0x20000090                Mode
 .bss.PC_rota1  0x20000094        0x4 build/main.o
                0x20000094                PC_rota1
 .bss.Rx_complete
                0x20000098        0x4 build/main.o
                0x20000098                Rx_complete
 .bss.Rx_data   0x2000009c        0x1 build/main.o
                0x2000009c                Rx_data
 *fill*         0x2000009d        0x3 
 .bss.Rx_index  0x200000a0        0x4 build/main.o
                0x200000a0                Rx_index
 .bss.buffer_data
                0x200000a4       0x32 build/main.o
                0x200000a4                buffer_data
 *fill*         0x200000d6        0x2 
 .bss.hdma_tim1_ch1
                0x200000d8       0x44 build/tim.o
                0x200000d8                hdma_tim1_ch1
 .bss.hdma_tim2_ch2_ch4
                0x2000011c       0x44 build/tim.o
                0x2000011c                hdma_tim2_ch2_ch4
 .bss.htim1     0x20000160       0x48 build/tim.o
                0x20000160                htim1
 .bss.htim2     0x200001a8       0x48 build/tim.o
                0x200001a8                htim2
 .bss.uwTick    0x200001f0        0x4 build/stm32f1xx_hal.o
                0x200001f0                uwTick
 .bss.huart1    0x200001f4       0x48 build/usart.o
                0x200001f4                huart1
 .bss.__malloc_free_list
                0x2000023c        0x4 c:/dev/armnoneaeabi/10 2021.10/bin/../lib/gcc/arm-none-eabi/10.3.1/../../../../arm-none-eabi/lib/thumb/v7-m/nofp\libc_nano.a(lib_a-nano-mallocr.o)
                0x2000023c                __malloc_free_list
 .bss.__malloc_sbrk_start
                0x20000240        0x4 c:/dev/armnoneaeabi/10 2021.10/bin/../lib/gcc/arm-none-eabi/10.3.1/../../../../arm-none-eabi/lib/thumb/v7-m/nofp\libc_nano.a(lib_a-nano-mallocr.o)
                0x20000240                __malloc_sbrk_start
 .bss.__lock___malloc_recursive_mutex
                0x20000244        0x1 c:/dev/armnoneaeabi/10 2021.10/bin/../lib/gcc/arm-none-eabi/10.3.1/../../../../arm-none-eabi/lib/thumb/v7-m/nofp\libc_nano.a(lib_a-lock.o)
                0x20000244                __lock___malloc_recursive_mutex
 .bss.__lock___sfp_recursive_mutex
                0x20000245        0x1 c:/dev/armnoneaeabi/10 2021.10/bin/../lib/gcc/arm-none-eabi/10.3.1/../../../../arm-none-eabi/lib/thumb/v7-m/nofp\libc_nano.a(lib_a-lock.o)
                0x20000245                __lock___sfp_recursive_mutex
 .bss.__lock___sinit_recursive_mutex
                0x20000246        0x1 c:/dev/armnoneaeabi/10 2021.10/bin/../lib/gcc/arm-none-eabi/10.3.1/../../../../arm-none-eabi/lib/thumb/v7-m/nofp\libc_nano.a(lib_a-lock.o)
                0x20000246                __lock___sinit_recursive_mutex
 *fill*         0x20000247        0x1 
 .bss.errno     0x20000248        0x4 c:/dev/armnoneaeabi/10 2021.10/bin/../lib/gcc/arm-none-eabi/10.3.1/../../../../arm-none-eabi/lib/thumb/v7-m/nofp\libc_nano.a(lib_a-reent.o)
                0x20000248                errno
 .bss.heap_end.0
                0x2000024c        0x4 c:/dev/armnoneaeabi/10 2021.10/bin/../lib/gcc/arm-none-eabi/10.3.1/../../../../arm-none-eabi/lib/thumb/v7-m/nofp\libnosys.a(sbrk.o)
 *(COMMON)
                0x20000250                . = ALIGN (0x4)
                0x20000250                _ebss = .
                0x20000250                __bss_end__ = _ebss

._user_heap_stack
                0x20000250      0x600 load address 0x08004210
                0x20000250                . = ALIGN (0x8)
                0x20000250                PROVIDE (end = .)
                [!provide]                PROVIDE (_end = .)
                0x20000450                . = (. + _Min_Heap_Size)
 *fill*         0x20000250      0x200 
                0x20000850                . = (. + _Min_Stack_Size)
 *fill*         0x20000450      0x400 
                0x20000850                . = ALIGN (0x8)

/DISCARD/
 libc.a(*)
 libm.a(*)
 libgcc.a(*)

.ARM.attributes
                0x00000000       0x29
 *(.ARM.attributes)
 .ARM.attributes
                0x00000000       0x1d c:/dev/armnoneaeabi/10 2021.10/bin/../lib/gcc/arm-none-eabi/10.3.1/thumb/v7-m/nofp/crti.o
 .ARM.attributes
                0x0000001d       0x2d c:/dev/armnoneaeabi/10 2021.10/bin/../lib/gcc/arm-none-eabi/10.3.1/thumb/v7-m/nofp/crtbegin.o
 .ARM.attributes
                0x0000004a       0x2d build/main.o
 .ARM.attributes
                0x00000077       0x2d build/gpio.o
 .ARM.attributes
                0x000000a4       0x2d build/dma.o
 .ARM.attributes
                0x000000d1       0x2d build/tim.o
 .ARM.attributes
                0x000000fe       0x2d build/stm32f1xx_it.o
 .ARM.attributes
                0x0000012b       0x2d build/stm32f1xx_hal_msp.o
 .ARM.attributes
                0x00000158       0x2d build/stm32f1xx_hal_tim.o
 .ARM.attributes
                0x00000185       0x2d build/stm32f1xx_hal_tim_ex.o
 .ARM.attributes
                0x000001b2       0x2d build/stm32f1xx_hal.o
 .ARM.attributes
                0x000001df       0x2d build/stm32f1xx_hal_rcc.o
 .ARM.attributes
                0x0000020c       0x2d build/stm32f1xx_hal_gpio.o
 .ARM.attributes
                0x00000239       0x2d build/stm32f1xx_hal_dma.o
 .ARM.attributes
                0x00000266       0x2d build/stm32f1xx_hal_cortex.o
 .ARM.attributes
                0x00000293       0x2d build/system_stm32f1xx.o
 .ARM.attributes
                0x000002c0       0x2d build/usart.o
 .ARM.attributes
                0x000002ed       0x2d build/stm32f1xx_hal_uart.o
 .ARM.attributes
                0x0000031a       0x21 build/startup_stm32f103xb.o
 .ARM.attributes
                0x0000033b       0x2d c:/dev/armnoneaeabi/10 2021.10/bin/../lib/gcc/arm-none-eabi/10.3.1/../../../../arm-none-eabi/lib/thumb/v7-m/nofp\libc_nano.a(lib_a-atoi.o)
 .ARM.attributes
                0x00000368       0x2d c:/dev/armnoneaeabi/10 2021.10/bin/../lib/gcc/arm-none-eabi/10.3.1/../../../../arm-none-eabi/lib/thumb/v7-m/nofp\libc_nano.a(lib_a-impure.o)
 .ARM.attributes
                0x00000395       0x2d c:/dev/armnoneaeabi/10 2021.10/bin/../lib/gcc/arm-none-eabi/10.3.1/../../../../arm-none-eabi/lib/thumb/v7-m/nofp\libc_nano.a(lib_a-init.o)
 .ARM.attributes
                0x000003c2       0x2d c:/dev/armnoneaeabi/10 2021.10/bin/../lib/gcc/arm-none-eabi/10.3.1/../../../../arm-none-eabi/lib/thumb/v7-m/nofp\libc_nano.a(lib_a-memset.o)
 .ARM.attributes
                0x000003ef       0x1b c:/dev/armnoneaeabi/10 2021.10/bin/../lib/gcc/arm-none-eabi/10.3.1/../../../../arm-none-eabi/lib/thumb/v7-m/nofp\libc_nano.a(lib_a-strcmp.o)
 .ARM.attributes
                0x0000040a       0x17 c:/dev/armnoneaeabi/10 2021.10/bin/../lib/gcc/arm-none-eabi/10.3.1/../../../../arm-none-eabi/lib/thumb/v7-m/nofp\libc_nano.a(lib_a-strlen.o)
 .ARM.attributes
                0x00000421       0x2d c:/dev/armnoneaeabi/10 2021.10/bin/../lib/gcc/arm-none-eabi/10.3.1/../../../../arm-none-eabi/lib/thumb/v7-m/nofp\libc_nano.a(lib_a-strtok.o)
 .ARM.attributes
                0x0000044e       0x2d c:/dev/armnoneaeabi/10 2021.10/bin/../lib/gcc/arm-none-eabi/10.3.1/../../../../arm-none-eabi/lib/thumb/v7-m/nofp\libc_nano.a(lib_a-strtok_r.o)
 .ARM.attributes
                0x0000047b       0x2d c:/dev/armnoneaeabi/10 2021.10/bin/../lib/gcc/arm-none-eabi/10.3.1/../../../../arm-none-eabi/lib/thumb/v7-m/nofp\libc_nano.a(lib_a-strtol.o)
 .ARM.attributes
                0x000004a8       0x2d c:/dev/armnoneaeabi/10 2021.10/bin/../lib/gcc/arm-none-eabi/10.3.1/../../../../arm-none-eabi/lib/thumb/v7-m/nofp\libc_nano.a(lib_a-assert.o)
 .ARM.attributes
                0x000004d5       0x2d c:/dev/armnoneaeabi/10 2021.10/bin/../lib/gcc/arm-none-eabi/10.3.1/../../../../arm-none-eabi/lib/thumb/v7-m/nofp\libc_nano.a(lib_a-ctype_.o)
 .ARM.attributes
                0x00000502       0x2d c:/dev/armnoneaeabi/10 2021.10/bin/../lib/gcc/arm-none-eabi/10.3.1/../../../../arm-none-eabi/lib/thumb/v7-m/nofp\libc_nano.a(lib_a-errno.o)
 .ARM.attributes
                0x0000052f       0x2d c:/dev/armnoneaeabi/10 2021.10/bin/../lib/gcc/arm-none-eabi/10.3.1/../../../../arm-none-eabi/lib/thumb/v7-m/nofp\libc_nano.a(lib_a-fprintf.o)
 .ARM.attributes
                0x0000055c       0x2d c:/dev/armnoneaeabi/10 2021.10/bin/../lib/gcc/arm-none-eabi/10.3.1/../../../../arm-none-eabi/lib/thumb/v7-m/nofp\libc_nano.a(lib_a-malloc.o)
 .ARM.attributes
                0x00000589       0x2d c:/dev/armnoneaeabi/10 2021.10/bin/../lib/gcc/arm-none-eabi/10.3.1/../../../../arm-none-eabi/lib/thumb/v7-m/nofp\libc_nano.a(lib_a-nano-freer.o)
 .ARM.attributes
                0x000005b6       0x2d c:/dev/armnoneaeabi/10 2021.10/bin/../lib/gcc/arm-none-eabi/10.3.1/../../../../arm-none-eabi/lib/thumb/v7-m/nofp\libc_nano.a(lib_a-nano-mallocr.o)
 .ARM.attributes
                0x000005e3       0x2d c:/dev/armnoneaeabi/10 2021.10/bin/../lib/gcc/arm-none-eabi/10.3.1/../../../../arm-none-eabi/lib/thumb/v7-m/nofp\libc_nano.a(lib_a-nano-vfprintf.o)
 .ARM.attributes
                0x00000610       0x2d c:/dev/armnoneaeabi/10 2021.10/bin/../lib/gcc/arm-none-eabi/10.3.1/../../../../arm-none-eabi/lib/thumb/v7-m/nofp\libc_nano.a(lib_a-nano-vfprintf_i.o)
 .ARM.attributes
                0x0000063d       0x2d c:/dev/armnoneaeabi/10 2021.10/bin/../lib/gcc/arm-none-eabi/10.3.1/../../../../arm-none-eabi/lib/thumb/v7-m/nofp\libc_nano.a(lib_a-sbrkr.o)
 .ARM.attributes
                0x0000066a       0x2d c:/dev/armnoneaeabi/10 2021.10/bin/../lib/gcc/arm-none-eabi/10.3.1/../../../../arm-none-eabi/lib/thumb/v7-m/nofp\libc_nano.a(lib_a-wbuf.o)
 .ARM.attributes
                0x00000697       0x2d c:/dev/armnoneaeabi/10 2021.10/bin/../lib/gcc/arm-none-eabi/10.3.1/../../../../arm-none-eabi/lib/thumb/v7-m/nofp\libc_nano.a(lib_a-wsetup.o)
 .ARM.attributes
                0x000006c4       0x2d c:/dev/armnoneaeabi/10 2021.10/bin/../lib/gcc/arm-none-eabi/10.3.1/../../../../arm-none-eabi/lib/thumb/v7-m/nofp\libc_nano.a(lib_a-abort.o)
 .ARM.attributes
                0x000006f1       0x2d c:/dev/armnoneaeabi/10 2021.10/bin/../lib/gcc/arm-none-eabi/10.3.1/../../../../arm-none-eabi/lib/thumb/v7-m/nofp\libc_nano.a(lib_a-fflush.o)
 .ARM.attributes
                0x0000071e       0x2d c:/dev/armnoneaeabi/10 2021.10/bin/../lib/gcc/arm-none-eabi/10.3.1/../../../../arm-none-eabi/lib/thumb/v7-m/nofp\libc_nano.a(lib_a-findfp.o)
 .ARM.attributes
                0x0000074b       0x2d c:/dev/armnoneaeabi/10 2021.10/bin/../lib/gcc/arm-none-eabi/10.3.1/../../../../arm-none-eabi/lib/thumb/v7-m/nofp\libc_nano.a(lib_a-fwalk.o)
 .ARM.attributes
                0x00000778       0x2d c:/dev/armnoneaeabi/10 2021.10/bin/../lib/gcc/arm-none-eabi/10.3.1/../../../../arm-none-eabi/lib/thumb/v7-m/nofp\libc_nano.a(lib_a-lock.o)
 .ARM.attributes
                0x000007a5       0x2d c:/dev/armnoneaeabi/10 2021.10/bin/../lib/gcc/arm-none-eabi/10.3.1/../../../../arm-none-eabi/lib/thumb/v7-m/nofp\libc_nano.a(lib_a-makebuf.o)
 .ARM.attributes
                0x000007d2       0x2d c:/dev/armnoneaeabi/10 2021.10/bin/../lib/gcc/arm-none-eabi/10.3.1/../../../../arm-none-eabi/lib/thumb/v7-m/nofp\libc_nano.a(lib_a-memchr-stub.o)
 .ARM.attributes
                0x000007ff       0x2d c:/dev/armnoneaeabi/10 2021.10/bin/../lib/gcc/arm-none-eabi/10.3.1/../../../../arm-none-eabi/lib/thumb/v7-m/nofp\libc_nano.a(lib_a-mlock.o)
 .ARM.attributes
                0x0000082c       0x2d c:/dev/armnoneaeabi/10 2021.10/bin/../lib/gcc/arm-none-eabi/10.3.1/../../../../arm-none-eabi/lib/thumb/v7-m/nofp\libc_nano.a(lib_a-reent.o)
 .ARM.attributes
                0x00000859       0x2d c:/dev/armnoneaeabi/10 2021.10/bin/../lib/gcc/arm-none-eabi/10.3.1/../../../../arm-none-eabi/lib/thumb/v7-m/nofp\libc_nano.a(lib_a-signal.o)
 .ARM.attributes
                0x00000886       0x2d c:/dev/armnoneaeabi/10 2021.10/bin/../lib/gcc/arm-none-eabi/10.3.1/../../../../arm-none-eabi/lib/thumb/v7-m/nofp\libc_nano.a(lib_a-signalr.o)
 .ARM.attributes
                0x000008b3       0x2d c:/dev/armnoneaeabi/10 2021.10/bin/../lib/gcc/arm-none-eabi/10.3.1/../../../../arm-none-eabi/lib/thumb/v7-m/nofp\libc_nano.a(lib_a-stdio.o)
 .ARM.attributes
                0x000008e0       0x2d c:/dev/armnoneaeabi/10 2021.10/bin/../lib/gcc/arm-none-eabi/10.3.1/../../../../arm-none-eabi/lib/thumb/v7-m/nofp\libc_nano.a(lib_a-writer.o)
 .ARM.attributes
                0x0000090d       0x2d c:/dev/armnoneaeabi/10 2021.10/bin/../lib/gcc/arm-none-eabi/10.3.1/../../../../arm-none-eabi/lib/thumb/v7-m/nofp\libc_nano.a(lib_a-closer.o)
 .ARM.attributes
                0x0000093a       0x2d c:/dev/armnoneaeabi/10 2021.10/bin/../lib/gcc/arm-none-eabi/10.3.1/../../../../arm-none-eabi/lib/thumb/v7-m/nofp\libc_nano.a(lib_a-fstatr.o)
 .ARM.attributes
                0x00000967       0x2d c:/dev/armnoneaeabi/10 2021.10/bin/../lib/gcc/arm-none-eabi/10.3.1/../../../../arm-none-eabi/lib/thumb/v7-m/nofp\libc_nano.a(lib_a-isattyr.o)
 .ARM.attributes
                0x00000994       0x2d c:/dev/armnoneaeabi/10 2021.10/bin/../lib/gcc/arm-none-eabi/10.3.1/../../../../arm-none-eabi/lib/thumb/v7-m/nofp\libc_nano.a(lib_a-lseekr.o)
 .ARM.attributes
                0x000009c1       0x2d c:/dev/armnoneaeabi/10 2021.10/bin/../lib/gcc/arm-none-eabi/10.3.1/../../../../arm-none-eabi/lib/thumb/v7-m/nofp\libc_nano.a(lib_a-readr.o)
 .ARM.attributes
                0x000009ee       0x2d c:/dev/armnoneaeabi/10 2021.10/bin/../lib/gcc/arm-none-eabi/10.3.1/../../../../arm-none-eabi/lib/thumb/v7-m/nofp\libnosys.a(close.o)
 .ARM.attributes
                0x00000a1b       0x2d c:/dev/armnoneaeabi/10 2021.10/bin/../lib/gcc/arm-none-eabi/10.3.1/../../../../arm-none-eabi/lib/thumb/v7-m/nofp\libnosys.a(fstat.o)
 .ARM.attributes
                0x00000a48       0x2d c:/dev/armnoneaeabi/10 2021.10/bin/../lib/gcc/arm-none-eabi/10.3.1/../../../../arm-none-eabi/lib/thumb/v7-m/nofp\libnosys.a(getpid.o)
 .ARM.attributes
                0x00000a75       0x2d c:/dev/armnoneaeabi/10 2021.10/bin/../lib/gcc/arm-none-eabi/10.3.1/../../../../arm-none-eabi/lib/thumb/v7-m/nofp\libnosys.a(isatty.o)
 .ARM.attributes
                0x00000aa2       0x2d c:/dev/armnoneaeabi/10 2021.10/bin/../lib/gcc/arm-none-eabi/10.3.1/../../../../arm-none-eabi/lib/thumb/v7-m/nofp\libnosys.a(kill.o)
 .ARM.attributes
                0x00000acf       0x2d c:/dev/armnoneaeabi/10 2021.10/bin/../lib/gcc/arm-none-eabi/10.3.1/../../../../arm-none-eabi/lib/thumb/v7-m/nofp\libnosys.a(lseek.o)
 .ARM.attributes
                0x00000afc       0x2d c:/dev/armnoneaeabi/10 2021.10/bin/../lib/gcc/arm-none-eabi/10.3.1/../../../../arm-none-eabi/lib/thumb/v7-m/nofp\libnosys.a(read.o)
 .ARM.attributes
                0x00000b29       0x2d c:/dev/armnoneaeabi/10 2021.10/bin/../lib/gcc/arm-none-eabi/10.3.1/../../../../arm-none-eabi/lib/thumb/v7-m/nofp\libnosys.a(sbrk.o)
 .ARM.attributes
                0x00000b56       0x2d c:/dev/armnoneaeabi/10 2021.10/bin/../lib/gcc/arm-none-eabi/10.3.1/../../../../arm-none-eabi/lib/thumb/v7-m/nofp\libnosys.a(write.o)
 .ARM.attributes
                0x00000b83       0x2d c:/dev/armnoneaeabi/10 2021.10/bin/../lib/gcc/arm-none-eabi/10.3.1/../../../../arm-none-eabi/lib/thumb/v7-m/nofp\libnosys.a(_exit.o)
 .ARM.attributes
                0x00000bb0       0x1d c:/dev/armnoneaeabi/10 2021.10/bin/../lib/gcc/arm-none-eabi/10.3.1/thumb/v7-m/nofp\libgcc.a(_arm_addsubdf3.o)
 .ARM.attributes
                0x00000bcd       0x1d c:/dev/armnoneaeabi/10 2021.10/bin/../lib/gcc/arm-none-eabi/10.3.1/thumb/v7-m/nofp\libgcc.a(_arm_muldivdf3.o)
 .ARM.attributes
                0x00000bea       0x1d c:/dev/armnoneaeabi/10 2021.10/bin/../lib/gcc/arm-none-eabi/10.3.1/thumb/v7-m/nofp\libgcc.a(_arm_fixdfsi.o)
 .ARM.attributes
                0x00000c07       0x1d c:/dev/armnoneaeabi/10 2021.10/bin/../lib/gcc/arm-none-eabi/10.3.1/thumb/v7-m/nofp/crtn.o
OUTPUT(build/project2servo.elf elf32-littlearm)
LOAD linker stubs
LOAD c:/dev/armnoneaeabi/10 2021.10/bin/../lib/gcc/arm-none-eabi/10.3.1/../../../../arm-none-eabi/lib/thumb/v7-m/nofp\libc.a
LOAD c:/dev/armnoneaeabi/10 2021.10/bin/../lib/gcc/arm-none-eabi/10.3.1/../../../../arm-none-eabi/lib/thumb/v7-m/nofp\libm.a
LOAD c:/dev/armnoneaeabi/10 2021.10/bin/../lib/gcc/arm-none-eabi/10.3.1/thumb/v7-m/nofp\libgcc.a

.debug_info     0x00000000    0x10de5
 .debug_info    0x00000000     0x11a5 build/main.o
 .debug_info    0x000011a5      0x1b6 build/gpio.o
 .debug_info    0x0000135b      0x345 build/dma.o
 .debug_info    0x000016a0      0xf25 build/tim.o
 .debug_info    0x000025c5      0x764 build/stm32f1xx_it.o
 .debug_info    0x00002d29      0x238 build/stm32f1xx_hal_msp.o
 .debug_info    0x00002f61     0x404a build/stm32f1xx_hal_tim.o
 .debug_info    0x00006fab     0x1c39 build/stm32f1xx_hal_tim_ex.o
 .debug_info    0x00008be4      0x855 build/stm32f1xx_hal.o
 .debug_info    0x00009439      0xaf0 build/stm32f1xx_hal_rcc.o
 .debug_info    0x00009f29      0x6d7 build/stm32f1xx_hal_gpio.o
 .debug_info    0x0000a600      0x8c0 build/stm32f1xx_hal_dma.o
 .debug_info    0x0000aec0      0xe2d build/stm32f1xx_hal_cortex.o
 .debug_info    0x0000bced      0x26e build/system_stm32f1xx.o
 .debug_info    0x0000bf5b      0xac7 build/usart.o
 .debug_info    0x0000ca22     0x43a1 build/stm32f1xx_hal_uart.o
 .debug_info    0x00010dc3       0x22 build/startup_stm32f103xb.o

.debug_abbrev   0x00000000     0x2110
 .debug_abbrev  0x00000000      0x2af build/main.o
 .debug_abbrev  0x000002af       0xc1 build/gpio.o
 .debug_abbrev  0x00000370      0x117 build/dma.o
 .debug_abbrev  0x00000487      0x23f build/tim.o
 .debug_abbrev  0x000006c6      0x15e build/stm32f1xx_it.o
 .debug_abbrev  0x00000824       0xe7 build/stm32f1xx_hal_msp.o
 .debug_abbrev  0x0000090b      0x29d build/stm32f1xx_hal_tim.o
 .debug_abbrev  0x00000ba8      0x29f build/stm32f1xx_hal_tim_ex.o
 .debug_abbrev  0x00000e47      0x1f7 build/stm32f1xx_hal.o
 .debug_abbrev  0x0000103e      0x2b8 build/stm32f1xx_hal_rcc.o
 .debug_abbrev  0x000012f6      0x222 build/stm32f1xx_hal_gpio.o
 .debug_abbrev  0x00001518      0x244 build/stm32f1xx_hal_dma.o
 .debug_abbrev  0x0000175c      0x359 build/stm32f1xx_hal_cortex.o
 .debug_abbrev  0x00001ab5      0x140 build/system_stm32f1xx.o
 .debug_abbrev  0x00001bf5      0x1d5 build/usart.o
 .debug_abbrev  0x00001dca      0x334 build/stm32f1xx_hal_uart.o
 .debug_abbrev  0x000020fe       0x12 build/startup_stm32f103xb.o

.debug_loc      0x00000000     0xf238
 .debug_loc     0x00000000      0x17b build/main.o
 .debug_loc     0x0000017b       0x2c build/gpio.o
 .debug_loc     0x000001a7       0x38 build/dma.o
 .debug_loc     0x000001df      0x23f build/tim.o
 .debug_loc     0x0000041e       0x80 build/stm32f1xx_it.o
 .debug_loc     0x0000049e       0x41 build/stm32f1xx_hal_msp.o
 .debug_loc     0x000004df     0x5c5e build/stm32f1xx_hal_tim.o
 .debug_loc     0x0000613d     0x20f3 build/stm32f1xx_hal_tim_ex.o
 .debug_loc     0x00008230      0x1e1 build/stm32f1xx_hal.o
 .debug_loc     0x00008411      0x790 build/stm32f1xx_hal_rcc.o
 .debug_loc     0x00008ba1      0x551 build/stm32f1xx_hal_gpio.o
 .debug_loc     0x000090f2      0x901 build/stm32f1xx_hal_dma.o
 .debug_loc     0x000099f3      0x77f build/stm32f1xx_hal_cortex.o
 .debug_loc     0x0000a172       0xff build/system_stm32f1xx.o
 .debug_loc     0x0000a271      0x108 build/usart.o
 .debug_loc     0x0000a379     0x4ebf build/stm32f1xx_hal_uart.o

.debug_aranges  0x00000000      0xbf0
 .debug_aranges
                0x00000000       0x40 build/main.o
 .debug_aranges
                0x00000040       0x20 build/gpio.o
 .debug_aranges
                0x00000060       0x20 build/dma.o
 .debug_aranges
                0x00000080       0x40 build/tim.o
 .debug_aranges
                0x000000c0       0x78 build/stm32f1xx_it.o
 .debug_aranges
                0x00000138       0x20 build/stm32f1xx_hal_msp.o
 .debug_aranges
                0x00000158      0x3d0 build/stm32f1xx_hal_tim.o
 .debug_aranges
                0x00000528      0x168 build/stm32f1xx_hal_tim_ex.o
 .debug_aranges
                0x00000690       0xe0 build/stm32f1xx_hal.o
 .debug_aranges
                0x00000770       0x90 build/stm32f1xx_hal_rcc.o
 .debug_aranges
                0x00000800       0x58 build/stm32f1xx_hal_gpio.o
 .debug_aranges
                0x00000858       0x80 build/stm32f1xx_hal_dma.o
 .debug_aranges
                0x000008d8       0x90 build/stm32f1xx_hal_cortex.o
 .debug_aranges
                0x00000968       0x28 build/system_stm32f1xx.o
 .debug_aranges
                0x00000990       0x30 build/usart.o
 .debug_aranges
                0x000009c0      0x208 build/stm32f1xx_hal_uart.o
 .debug_aranges
                0x00000bc8       0x28 build/startup_stm32f103xb.o

.debug_ranges   0x00000000      0xb80
 .debug_ranges  0x00000000       0x30 build/main.o
 .debug_ranges  0x00000030       0x10 build/gpio.o
 .debug_ranges  0x00000040       0x10 build/dma.o
 .debug_ranges  0x00000050       0x30 build/tim.o
 .debug_ranges  0x00000080       0x68 build/stm32f1xx_it.o
 .debug_ranges  0x000000e8       0x10 build/stm32f1xx_hal_msp.o
 .debug_ranges  0x000000f8      0x3c0 build/stm32f1xx_hal_tim.o
 .debug_ranges  0x000004b8      0x158 build/stm32f1xx_hal_tim_ex.o
 .debug_ranges  0x00000610       0xd0 build/stm32f1xx_hal.o
 .debug_ranges  0x000006e0       0xa0 build/stm32f1xx_hal_rcc.o
 .debug_ranges  0x00000780       0x48 build/stm32f1xx_hal_gpio.o
 .debug_ranges  0x000007c8       0x70 build/stm32f1xx_hal_dma.o
 .debug_ranges  0x00000838       0xe0 build/stm32f1xx_hal_cortex.o
 .debug_ranges  0x00000918       0x18 build/system_stm32f1xx.o
 .debug_ranges  0x00000930       0x20 build/usart.o
 .debug_ranges  0x00000950      0x210 build/stm32f1xx_hal_uart.o
 .debug_ranges  0x00000b60       0x20 build/startup_stm32f103xb.o

.debug_line     0x00000000     0xe598
 .debug_line    0x00000000      0x56f build/main.o
 .debug_line    0x0000056f      0x12b build/gpio.o
 .debug_line    0x0000069a      0x15d build/dma.o
 .debug_line    0x000007f7      0x5a1 build/tim.o
 .debug_line    0x00000d98      0x2da build/stm32f1xx_it.o
 .debug_line    0x00001072      0x138 build/stm32f1xx_hal_msp.o
 .debug_line    0x000011aa     0x4935 build/stm32f1xx_hal_tim.o
 .debug_line    0x00005adf     0x1baa build/stm32f1xx_hal_tim_ex.o
 .debug_line    0x00007689      0x4ea build/stm32f1xx_hal.o
 .debug_line    0x00007b73      0xbda build/stm32f1xx_hal_rcc.o
 .debug_line    0x0000874d      0x59d build/stm32f1xx_hal_gpio.o
 .debug_line    0x00008cea      0xa16 build/stm32f1xx_hal_dma.o
 .debug_line    0x00009700      0x5f5 build/stm32f1xx_hal_cortex.o
 .debug_line    0x00009cf5      0x202 build/system_stm32f1xx.o
 .debug_line    0x00009ef7      0x2ce build/usart.o
 .debug_line    0x0000a1c5     0x435f build/stm32f1xx_hal_uart.o
 .debug_line    0x0000e524       0x74 build/startup_stm32f103xb.o

.debug_str      0x00000000     0x3743
 .debug_str     0x00000000      0xa6a build/main.o
                                0xb55 (size before relaxing)
 .debug_str     0x00000a6a       0x56 build/gpio.o
                                0x1bb (size before relaxing)
 .debug_str     0x00000ac0      0x30c build/dma.o
                                0x4b6 (size before relaxing)
 .debug_str     0x00000dcc      0x326 build/tim.o
                                0xa13 (size before relaxing)
 .debug_str     0x000010f2      0x11f build/stm32f1xx_it.o
                                0x698 (size before relaxing)
 .debug_str     0x00001211       0x57 build/stm32f1xx_hal_msp.o
                                0x1f5 (size before relaxing)
 .debug_str     0x00001268      0xe0d build/stm32f1xx_hal_tim.o
                               0x1615 (size before relaxing)
 .debug_str     0x00002075      0x46f build/stm32f1xx_hal_tim_ex.o
                                0xe16 (size before relaxing)
 .debug_str     0x000024e4      0x2ff build/stm32f1xx_hal.o
                                0x7fa (size before relaxing)
 .debug_str     0x000027e3      0x1fe build/stm32f1xx_hal_rcc.o
                                0x601 (size before relaxing)
 .debug_str     0x000029e1      0x155 build/stm32f1xx_hal_gpio.o
                                0x3d6 (size before relaxing)
 .debug_str     0x00002b36      0x1db build/stm32f1xx_hal_dma.o
                                0x5d3 (size before relaxing)
 .debug_str     0x00002d11      0x3af build/stm32f1xx_hal_cortex.o
                                0x8a9 (size before relaxing)
 .debug_str     0x000030c0       0x4f build/system_stm32f1xx.o
                                0x22a (size before relaxing)
 .debug_str     0x0000310f       0x4e build/usart.o
                                0x9a7 (size before relaxing)
 .debug_str     0x0000315d      0x5c2 build/stm32f1xx_hal_uart.o
                                0xcca (size before relaxing)
 .debug_str     0x0000371f       0x24 build/startup_stm32f103xb.o
                                 0x49 (size before relaxing)

.comment        0x00000000       0x49
 .comment       0x00000000       0x49 build/main.o
                                 0x4a (size before relaxing)
 .comment       0x00000049       0x4a build/gpio.o
 .comment       0x00000049       0x4a build/dma.o
 .comment       0x00000049       0x4a build/tim.o
 .comment       0x00000049       0x4a build/stm32f1xx_it.o
 .comment       0x00000049       0x4a build/stm32f1xx_hal_msp.o
 .comment       0x00000049       0x4a build/stm32f1xx_hal_tim.o
 .comment       0x00000049       0x4a build/stm32f1xx_hal_tim_ex.o
 .comment       0x00000049       0x4a build/stm32f1xx_hal.o
 .comment       0x00000049       0x4a build/stm32f1xx_hal_rcc.o
 .comment       0x00000049       0x4a build/stm32f1xx_hal_gpio.o
 .comment       0x00000049       0x4a build/stm32f1xx_hal_dma.o
 .comment       0x00000049       0x4a build/stm32f1xx_hal_cortex.o
 .comment       0x00000049       0x4a build/system_stm32f1xx.o
 .comment       0x00000049       0x4a build/usart.o
 .comment       0x00000049       0x4a build/stm32f1xx_hal_uart.o

.debug_frame    0x00000000     0x2c30
 .debug_frame   0x00000000       0x8c build/main.o
 .debug_frame   0x0000008c       0x28 build/gpio.o
 .debug_frame   0x000000b4       0x2c build/dma.o
 .debug_frame   0x000000e0       0xac build/tim.o
 .debug_frame   0x0000018c       0xf0 build/stm32f1xx_it.o
 .debug_frame   0x0000027c       0x28 build/stm32f1xx_hal_msp.o
 .debug_frame   0x000002a4      0xb18 build/stm32f1xx_hal_tim.o
 .debug_frame   0x00000dbc      0x40c build/stm32f1xx_hal_tim_ex.o
 .debug_frame   0x000011c8      0x1cc build/stm32f1xx_hal.o
 .debug_frame   0x00001394      0x184 build/stm32f1xx_hal_rcc.o
 .debug_frame   0x00001518       0xe4 build/stm32f1xx_hal_gpio.o
 .debug_frame   0x000015fc      0x144 build/stm32f1xx_hal_dma.o
 .debug_frame   0x00001740      0x118 build/stm32f1xx_hal_cortex.o
 .debug_frame   0x00001858       0x30 build/system_stm32f1xx.o
 .debug_frame   0x00001888       0x64 build/usart.o
 .debug_frame   0x000018ec      0x5d8 build/stm32f1xx_hal_uart.o
 .debug_frame   0x00001ec4       0x30 c:/dev/armnoneaeabi/10 2021.10/bin/../lib/gcc/arm-none-eabi/10.3.1/../../../../arm-none-eabi/lib/thumb/v7-m/nofp\libc_nano.a(lib_a-atoi.o)
 .debug_frame   0x00001ef4       0x2c c:/dev/armnoneaeabi/10 2021.10/bin/../lib/gcc/arm-none-eabi/10.3.1/../../../../arm-none-eabi/lib/thumb/v7-m/nofp\libc_nano.a(lib_a-init.o)
 .debug_frame   0x00001f20       0x20 c:/dev/armnoneaeabi/10 2021.10/bin/../lib/gcc/arm-none-eabi/10.3.1/../../../../arm-none-eabi/lib/thumb/v7-m/nofp\libc_nano.a(lib_a-memset.o)
 .debug_frame   0x00001f40       0x20 c:/dev/armnoneaeabi/10 2021.10/bin/../lib/gcc/arm-none-eabi/10.3.1/../../../../arm-none-eabi/lib/thumb/v7-m/nofp\libc_nano.a(lib_a-strcmp.o)
 .debug_frame   0x00001f60       0x38 c:/dev/armnoneaeabi/10 2021.10/bin/../lib/gcc/arm-none-eabi/10.3.1/../../../../arm-none-eabi/lib/thumb/v7-m/nofp\libc_nano.a(lib_a-strtok.o)
 .debug_frame   0x00001f98       0x40 c:/dev/armnoneaeabi/10 2021.10/bin/../lib/gcc/arm-none-eabi/10.3.1/../../../../arm-none-eabi/lib/thumb/v7-m/nofp\libc_nano.a(lib_a-strtok_r.o)
 .debug_frame   0x00001fd8       0x64 c:/dev/armnoneaeabi/10 2021.10/bin/../lib/gcc/arm-none-eabi/10.3.1/../../../../arm-none-eabi/lib/thumb/v7-m/nofp\libc_nano.a(lib_a-strtol.o)
 .debug_frame   0x0000203c       0x40 c:/dev/armnoneaeabi/10 2021.10/bin/../lib/gcc/arm-none-eabi/10.3.1/../../../../arm-none-eabi/lib/thumb/v7-m/nofp\libc_nano.a(lib_a-assert.o)
 .debug_frame   0x0000207c       0x20 c:/dev/armnoneaeabi/10 2021.10/bin/../lib/gcc/arm-none-eabi/10.3.1/../../../../arm-none-eabi/lib/thumb/v7-m/nofp\libc_nano.a(lib_a-errno.o)
 .debug_frame   0x0000209c       0x64 c:/dev/armnoneaeabi/10 2021.10/bin/../lib/gcc/arm-none-eabi/10.3.1/../../../../arm-none-eabi/lib/thumb/v7-m/nofp\libc_nano.a(lib_a-fprintf.o)
 .debug_frame   0x00002100       0x30 c:/dev/armnoneaeabi/10 2021.10/bin/../lib/gcc/arm-none-eabi/10.3.1/../../../../arm-none-eabi/lib/thumb/v7-m/nofp\libc_nano.a(lib_a-malloc.o)
 .debug_frame   0x00002130       0x38 c:/dev/armnoneaeabi/10 2021.10/bin/../lib/gcc/arm-none-eabi/10.3.1/../../../../arm-none-eabi/lib/thumb/v7-m/nofp\libc_nano.a(lib_a-nano-freer.o)
 .debug_frame   0x00002168       0x4c c:/dev/armnoneaeabi/10 2021.10/bin/../lib/gcc/arm-none-eabi/10.3.1/../../../../arm-none-eabi/lib/thumb/v7-m/nofp\libc_nano.a(lib_a-nano-mallocr.o)
 .debug_frame   0x000021b4       0xac c:/dev/armnoneaeabi/10 2021.10/bin/../lib/gcc/arm-none-eabi/10.3.1/../../../../arm-none-eabi/lib/thumb/v7-m/nofp\libc_nano.a(lib_a-nano-vfprintf.o)
 .debug_frame   0x00002260       0x60 c:/dev/armnoneaeabi/10 2021.10/bin/../lib/gcc/arm-none-eabi/10.3.1/../../../../arm-none-eabi/lib/thumb/v7-m/nofp\libc_nano.a(lib_a-nano-vfprintf_i.o)
 .debug_frame   0x000022c0       0x2c c:/dev/armnoneaeabi/10 2021.10/bin/../lib/gcc/arm-none-eabi/10.3.1/../../../../arm-none-eabi/lib/thumb/v7-m/nofp\libc_nano.a(lib_a-sbrkr.o)
 .debug_frame   0x000022ec       0x40 c:/dev/armnoneaeabi/10 2021.10/bin/../lib/gcc/arm-none-eabi/10.3.1/../../../../arm-none-eabi/lib/thumb/v7-m/nofp\libc_nano.a(lib_a-wbuf.o)
 .debug_frame   0x0000232c       0x2c c:/dev/armnoneaeabi/10 2021.10/bin/../lib/gcc/arm-none-eabi/10.3.1/../../../../arm-none-eabi/lib/thumb/v7-m/nofp\libc_nano.a(lib_a-wsetup.o)
 .debug_frame   0x00002358       0x28 c:/dev/armnoneaeabi/10 2021.10/bin/../lib/gcc/arm-none-eabi/10.3.1/../../../../arm-none-eabi/lib/thumb/v7-m/nofp\libc_nano.a(lib_a-abort.o)
 .debug_frame   0x00002380       0x5c c:/dev/armnoneaeabi/10 2021.10/bin/../lib/gcc/arm-none-eabi/10.3.1/../../../../arm-none-eabi/lib/thumb/v7-m/nofp\libc_nano.a(lib_a-fflush.o)
 .debug_frame   0x000023dc      0x14c c:/dev/armnoneaeabi/10 2021.10/bin/../lib/gcc/arm-none-eabi/10.3.1/../../../../arm-none-eabi/lib/thumb/v7-m/nofp\libc_nano.a(lib_a-findfp.o)
 .debug_frame   0x00002528       0x54 c:/dev/armnoneaeabi/10 2021.10/bin/../lib/gcc/arm-none-eabi/10.3.1/../../../../arm-none-eabi/lib/thumb/v7-m/nofp\libc_nano.a(lib_a-fwalk.o)
 .debug_frame   0x0000257c       0xb0 c:/dev/armnoneaeabi/10 2021.10/bin/../lib/gcc/arm-none-eabi/10.3.1/../../../../arm-none-eabi/lib/thumb/v7-m/nofp\libc_nano.a(lib_a-lock.o)
 .debug_frame   0x0000262c       0x58 c:/dev/armnoneaeabi/10 2021.10/bin/../lib/gcc/arm-none-eabi/10.3.1/../../../../arm-none-eabi/lib/thumb/v7-m/nofp\libc_nano.a(lib_a-makebuf.o)
 .debug_frame   0x00002684       0x28 c:/dev/armnoneaeabi/10 2021.10/bin/../lib/gcc/arm-none-eabi/10.3.1/../../../../arm-none-eabi/lib/thumb/v7-m/nofp\libc_nano.a(lib_a-memchr-stub.o)
 .debug_frame   0x000026ac       0x30 c:/dev/armnoneaeabi/10 2021.10/bin/../lib/gcc/arm-none-eabi/10.3.1/../../../../arm-none-eabi/lib/thumb/v7-m/nofp\libc_nano.a(lib_a-mlock.o)
 .debug_frame   0x000026dc       0x5c c:/dev/armnoneaeabi/10 2021.10/bin/../lib/gcc/arm-none-eabi/10.3.1/../../../../arm-none-eabi/lib/thumb/v7-m/nofp\libc_nano.a(lib_a-reent.o)
 .debug_frame   0x00002738       0xcc c:/dev/armnoneaeabi/10 2021.10/bin/../lib/gcc/arm-none-eabi/10.3.1/../../../../arm-none-eabi/lib/thumb/v7-m/nofp\libc_nano.a(lib_a-signal.o)
 .debug_frame   0x00002804       0x3c c:/dev/armnoneaeabi/10 2021.10/bin/../lib/gcc/arm-none-eabi/10.3.1/../../../../arm-none-eabi/lib/thumb/v7-m/nofp\libc_nano.a(lib_a-signalr.o)
 .debug_frame   0x00002840       0x88 c:/dev/armnoneaeabi/10 2021.10/bin/../lib/gcc/arm-none-eabi/10.3.1/../../../../arm-none-eabi/lib/thumb/v7-m/nofp\libc_nano.a(lib_a-stdio.o)
 .debug_frame   0x000028c8       0x2c c:/dev/armnoneaeabi/10 2021.10/bin/../lib/gcc/arm-none-eabi/10.3.1/../../../../arm-none-eabi/lib/thumb/v7-m/nofp\libc_nano.a(lib_a-writer.o)
 .debug_frame   0x000028f4       0x2c c:/dev/armnoneaeabi/10 2021.10/bin/../lib/gcc/arm-none-eabi/10.3.1/../../../../arm-none-eabi/lib/thumb/v7-m/nofp\libc_nano.a(lib_a-closer.o)
 .debug_frame   0x00002920       0x2c c:/dev/armnoneaeabi/10 2021.10/bin/../lib/gcc/arm-none-eabi/10.3.1/../../../../arm-none-eabi/lib/thumb/v7-m/nofp\libc_nano.a(lib_a-fstatr.o)
 .debug_frame   0x0000294c       0x2c c:/dev/armnoneaeabi/10 2021.10/bin/../lib/gcc/arm-none-eabi/10.3.1/../../../../arm-none-eabi/lib/thumb/v7-m/nofp\libc_nano.a(lib_a-isattyr.o)
 .debug_frame   0x00002978       0x2c c:/dev/armnoneaeabi/10 2021.10/bin/../lib/gcc/arm-none-eabi/10.3.1/../../../../arm-none-eabi/lib/thumb/v7-m/nofp\libc_nano.a(lib_a-lseekr.o)
 .debug_frame   0x000029a4       0x2c c:/dev/armnoneaeabi/10 2021.10/bin/../lib/gcc/arm-none-eabi/10.3.1/../../../../arm-none-eabi/lib/thumb/v7-m/nofp\libc_nano.a(lib_a-readr.o)
 .debug_frame   0x000029d0       0x20 c:/dev/armnoneaeabi/10 2021.10/bin/../lib/gcc/arm-none-eabi/10.3.1/../../../../arm-none-eabi/lib/thumb/v7-m/nofp\libnosys.a(close.o)
 .debug_frame   0x000029f0       0x20 c:/dev/armnoneaeabi/10 2021.10/bin/../lib/gcc/arm-none-eabi/10.3.1/../../../../arm-none-eabi/lib/thumb/v7-m/nofp\libnosys.a(fstat.o)
 .debug_frame   0x00002a10       0x20 c:/dev/armnoneaeabi/10 2021.10/bin/../lib/gcc/arm-none-eabi/10.3.1/../../../../arm-none-eabi/lib/thumb/v7-m/nofp\libnosys.a(getpid.o)
 .debug_frame   0x00002a30       0x20 c:/dev/armnoneaeabi/10 2021.10/bin/../lib/gcc/arm-none-eabi/10.3.1/../../../../arm-none-eabi/lib/thumb/v7-m/nofp\libnosys.a(isatty.o)
 .debug_frame   0x00002a50       0x20 c:/dev/armnoneaeabi/10 2021.10/bin/../lib/gcc/arm-none-eabi/10.3.1/../../../../arm-none-eabi/lib/thumb/v7-m/nofp\libnosys.a(kill.o)
 .debug_frame   0x00002a70       0x20 c:/dev/armnoneaeabi/10 2021.10/bin/../lib/gcc/arm-none-eabi/10.3.1/../../../../arm-none-eabi/lib/thumb/v7-m/nofp\libnosys.a(lseek.o)
 .debug_frame   0x00002a90       0x20 c:/dev/armnoneaeabi/10 2021.10/bin/../lib/gcc/arm-none-eabi/10.3.1/../../../../arm-none-eabi/lib/thumb/v7-m/nofp\libnosys.a(read.o)
 .debug_frame   0x00002ab0       0x20 c:/dev/armnoneaeabi/10 2021.10/bin/../lib/gcc/arm-none-eabi/10.3.1/../../../../arm-none-eabi/lib/thumb/v7-m/nofp\libnosys.a(sbrk.o)
 .debug_frame   0x00002ad0       0x20 c:/dev/armnoneaeabi/10 2021.10/bin/../lib/gcc/arm-none-eabi/10.3.1/../../../../arm-none-eabi/lib/thumb/v7-m/nofp\libnosys.a(write.o)
 .debug_frame   0x00002af0       0x20 c:/dev/armnoneaeabi/10 2021.10/bin/../lib/gcc/arm-none-eabi/10.3.1/../../../../arm-none-eabi/lib/thumb/v7-m/nofp\libnosys.a(_exit.o)
 .debug_frame   0x00002b10       0xac c:/dev/armnoneaeabi/10 2021.10/bin/../lib/gcc/arm-none-eabi/10.3.1/thumb/v7-m/nofp\libgcc.a(_arm_addsubdf3.o)
 .debug_frame   0x00002bbc       0x50 c:/dev/armnoneaeabi/10 2021.10/bin/../lib/gcc/arm-none-eabi/10.3.1/thumb/v7-m/nofp\libgcc.a(_arm_muldivdf3.o)
 .debug_frame   0x00002c0c       0x24 c:/dev/armnoneaeabi/10 2021.10/bin/../lib/gcc/arm-none-eabi/10.3.1/thumb/v7-m/nofp\libgcc.a(_arm_fixdfsi.o)

.stab           0x00000000       0xcc
 .stab          0x00000000       0x24 c:/dev/armnoneaeabi/10 2021.10/bin/../lib/gcc/arm-none-eabi/10.3.1/../../../../arm-none-eabi/lib/thumb/v7-m/nofp\libnosys.a(close.o)
 .stab          0x00000024       0x18 c:/dev/armnoneaeabi/10 2021.10/bin/../lib/gcc/arm-none-eabi/10.3.1/../../../../arm-none-eabi/lib/thumb/v7-m/nofp\libnosys.a(fstat.o)
                                 0x24 (size before relaxing)
 .stab          0x0000003c       0x18 c:/dev/armnoneaeabi/10 2021.10/bin/../lib/gcc/arm-none-eabi/10.3.1/../../../../arm-none-eabi/lib/thumb/v7-m/nofp\libnosys.a(getpid.o)
                                 0x24 (size before relaxing)
 .stab          0x00000054       0x18 c:/dev/armnoneaeabi/10 2021.10/bin/../lib/gcc/arm-none-eabi/10.3.1/../../../../arm-none-eabi/lib/thumb/v7-m/nofp\libnosys.a(isatty.o)
                                 0x24 (size before relaxing)
 .stab          0x0000006c       0x18 c:/dev/armnoneaeabi/10 2021.10/bin/../lib/gcc/arm-none-eabi/10.3.1/../../../../arm-none-eabi/lib/thumb/v7-m/nofp\libnosys.a(kill.o)
                                 0x24 (size before relaxing)
 .stab          0x00000084       0x18 c:/dev/armnoneaeabi/10 2021.10/bin/../lib/gcc/arm-none-eabi/10.3.1/../../../../arm-none-eabi/lib/thumb/v7-m/nofp\libnosys.a(lseek.o)
                                 0x24 (size before relaxing)
 .stab          0x0000009c       0x18 c:/dev/armnoneaeabi/10 2021.10/bin/../lib/gcc/arm-none-eabi/10.3.1/../../../../arm-none-eabi/lib/thumb/v7-m/nofp\libnosys.a(read.o)
                                 0x24 (size before relaxing)
 .stab          0x000000b4       0x18 c:/dev/armnoneaeabi/10 2021.10/bin/../lib/gcc/arm-none-eabi/10.3.1/../../../../arm-none-eabi/lib/thumb/v7-m/nofp\libnosys.a(write.o)
                                 0x24 (size before relaxing)

.stabstr        0x00000000      0x1b9
 .stabstr       0x00000000      0x1b9 c:/dev/armnoneaeabi/10 2021.10/bin/../lib/gcc/arm-none-eabi/10.3.1/../../../../arm-none-eabi/lib/thumb/v7-m/nofp\libnosys.a(close.o)

Cross Reference Table

Symbol                                            File
ADC1_2_IRQHandler                                 build/startup_stm32f103xb.o
AHBPrescTable                                     build/system_stm32f1xx.o
                                                  build/stm32f1xx_hal_rcc.o
APBPrescTable                                     build/system_stm32f1xx.o
                                                  build/stm32f1xx_hal_rcc.o
BusFault_Handler                                  build/stm32f1xx_it.o
CAN1_RX1_IRQHandler                               build/startup_stm32f103xb.o
CAN1_SCE_IRQHandler                               build/startup_stm32f103xb.o
DMA1_Channel1_IRQHandler                          build/startup_stm32f103xb.o
DMA1_Channel2_IRQHandler                          build/stm32f1xx_it.o
DMA1_Channel3_IRQHandler                          build/startup_stm32f103xb.o
DMA1_Channel4_IRQHandler                          build/startup_stm32f103xb.o
DMA1_Channel5_IRQHandler                          build/startup_stm32f103xb.o
DMA1_Channel6_IRQHandler                          build/startup_stm32f103xb.o
DMA1_Channel7_IRQHandler                          build/stm32f1xx_it.o
DebugMon_Handler                                  build/stm32f1xx_it.o
Default_Handler                                   build/startup_stm32f103xb.o
EXTI0_IRQHandler                                  build/startup_stm32f103xb.o
EXTI15_10_IRQHandler                              build/startup_stm32f103xb.o
EXTI1_IRQHandler                                  build/startup_stm32f103xb.o
EXTI2_IRQHandler                                  build/startup_stm32f103xb.o
EXTI3_IRQHandler                                  build/startup_stm32f103xb.o
EXTI4_IRQHandler                                  build/startup_stm32f103xb.o
EXTI9_5_IRQHandler                                build/startup_stm32f103xb.o
Error_Handler                                     build/main.o
                                                  build/usart.o
                                                  build/tim.o
FLASH_IRQHandler                                  build/startup_stm32f103xb.o
FLASH_PageErase                                   build/stm32f1xx_hal_flash_ex.o
                                                  build/stm32f1xx_hal_flash.o
FLASH_WaitForLastOperation                        build/stm32f1xx_hal_flash.o
                                                  build/stm32f1xx_hal_flash_ex.o
HAL_DBGMCU_DisableDBGSleepMode                    build/stm32f1xx_hal.o
HAL_DBGMCU_DisableDBGStandbyMode                  build/stm32f1xx_hal.o
HAL_DBGMCU_DisableDBGStopMode                     build/stm32f1xx_hal.o
HAL_DBGMCU_EnableDBGSleepMode                     build/stm32f1xx_hal.o
HAL_DBGMCU_EnableDBGStandbyMode                   build/stm32f1xx_hal.o
HAL_DBGMCU_EnableDBGStopMode                      build/stm32f1xx_hal.o
HAL_DMA_Abort                                     build/stm32f1xx_hal_dma.o
                                                  build/stm32f1xx_hal_uart.o
HAL_DMA_Abort_IT                                  build/stm32f1xx_hal_dma.o
                                                  build/stm32f1xx_hal_uart.o
                                                  build/stm32f1xx_hal_tim_ex.o
                                                  build/stm32f1xx_hal_tim.o
HAL_DMA_DeInit                                    build/stm32f1xx_hal_dma.o
                                                  build/tim.o
HAL_DMA_GetError                                  build/stm32f1xx_hal_dma.o
                                                  build/stm32f1xx_hal_uart.o
HAL_DMA_GetState                                  build/stm32f1xx_hal_dma.o
HAL_DMA_IRQHandler                                build/stm32f1xx_hal_dma.o
                                                  build/stm32f1xx_it.o
HAL_DMA_Init                                      build/stm32f1xx_hal_dma.o
                                                  build/tim.o
HAL_DMA_PollForTransfer                           build/stm32f1xx_hal_dma.o
HAL_DMA_RegisterCallback                          build/stm32f1xx_hal_dma.o
HAL_DMA_Start                                     build/stm32f1xx_hal_dma.o
HAL_DMA_Start_IT                                  build/stm32f1xx_hal_dma.o
                                                  build/stm32f1xx_hal_uart.o
                                                  build/stm32f1xx_hal_tim_ex.o
                                                  build/stm32f1xx_hal_tim.o
HAL_DMA_UnRegisterCallback                        build/stm32f1xx_hal_dma.o
HAL_DeInit                                        build/stm32f1xx_hal.o
HAL_Delay                                         build/stm32f1xx_hal.o
                                                  build/main.o
HAL_EXTI_ClearConfigLine                          build/stm32f1xx_hal_exti.o
HAL_EXTI_ClearPending                             build/stm32f1xx_hal_exti.o
HAL_EXTI_GenerateSWI                              build/stm32f1xx_hal_exti.o
HAL_EXTI_GetConfigLine                            build/stm32f1xx_hal_exti.o
HAL_EXTI_GetHandle                                build/stm32f1xx_hal_exti.o
HAL_EXTI_GetPending                               build/stm32f1xx_hal_exti.o
HAL_EXTI_IRQHandler                               build/stm32f1xx_hal_exti.o
HAL_EXTI_RegisterCallback                         build/stm32f1xx_hal_exti.o
HAL_EXTI_SetConfigLine                            build/stm32f1xx_hal_exti.o
HAL_FLASHEx_Erase                                 build/stm32f1xx_hal_flash_ex.o
HAL_FLASHEx_Erase_IT                              build/stm32f1xx_hal_flash_ex.o
HAL_FLASHEx_OBErase                               build/stm32f1xx_hal_flash_ex.o
HAL_FLASHEx_OBGetConfig                           build/stm32f1xx_hal_flash_ex.o
HAL_FLASHEx_OBGetUserData                         build/stm32f1xx_hal_flash_ex.o
HAL_FLASHEx_OBProgram                             build/stm32f1xx_hal_flash_ex.o
HAL_FLASH_EndOfOperationCallback                  build/stm32f1xx_hal_flash.o
HAL_FLASH_GetError                                build/stm32f1xx_hal_flash.o
HAL_FLASH_IRQHandler                              build/stm32f1xx_hal_flash.o
HAL_FLASH_Lock                                    build/stm32f1xx_hal_flash.o
HAL_FLASH_OB_Launch                               build/stm32f1xx_hal_flash.o
HAL_FLASH_OB_Lock                                 build/stm32f1xx_hal_flash.o
HAL_FLASH_OB_Unlock                               build/stm32f1xx_hal_flash.o
HAL_FLASH_OperationErrorCallback                  build/stm32f1xx_hal_flash.o
HAL_FLASH_Program                                 build/stm32f1xx_hal_flash.o
HAL_FLASH_Program_IT                              build/stm32f1xx_hal_flash.o
HAL_FLASH_Unlock                                  build/stm32f1xx_hal_flash.o
HAL_GPIOEx_ConfigEventout                         build/stm32f1xx_hal_gpio_ex.o
HAL_GPIOEx_DisableEventout                        build/stm32f1xx_hal_gpio_ex.o
HAL_GPIOEx_EnableEventout                         build/stm32f1xx_hal_gpio_ex.o
HAL_GPIO_DeInit                                   build/stm32f1xx_hal_gpio.o
                                                  build/usart.o
HAL_GPIO_EXTI_Callback                            build/stm32f1xx_hal_gpio.o
HAL_GPIO_EXTI_IRQHandler                          build/stm32f1xx_hal_gpio.o
HAL_GPIO_Init                                     build/stm32f1xx_hal_gpio.o
                                                  build/usart.o
                                                  build/stm32f1xx_hal_rcc.o
                                                  build/tim.o
HAL_GPIO_LockPin                                  build/stm32f1xx_hal_gpio.o
HAL_GPIO_ReadPin                                  build/stm32f1xx_hal_gpio.o
HAL_GPIO_TogglePin                                build/stm32f1xx_hal_gpio.o
HAL_GPIO_WritePin                                 build/stm32f1xx_hal_gpio.o
HAL_GetDEVID                                      build/stm32f1xx_hal.o
HAL_GetHalVersion                                 build/stm32f1xx_hal.o
HAL_GetREVID                                      build/stm32f1xx_hal.o
HAL_GetTick                                       build/stm32f1xx_hal.o
                                                  build/stm32f1xx_hal_uart.o
                                                  build/stm32f1xx_hal_flash.o
                                                  build/stm32f1xx_hal_dma.o
                                                  build/stm32f1xx_hal_rcc_ex.o
                                                  build/stm32f1xx_hal_rcc.o
HAL_GetTickFreq                                   build/stm32f1xx_hal.o
HAL_GetTickPrio                                   build/stm32f1xx_hal.o
HAL_GetUIDw0                                      build/stm32f1xx_hal.o
HAL_GetUIDw1                                      build/stm32f1xx_hal.o
HAL_GetUIDw2                                      build/stm32f1xx_hal.o
HAL_HalfDuplex_EnableReceiver                     build/stm32f1xx_hal_uart.o
HAL_HalfDuplex_EnableTransmitter                  build/stm32f1xx_hal_uart.o
HAL_HalfDuplex_Init                               build/stm32f1xx_hal_uart.o
HAL_IncTick                                       build/stm32f1xx_hal.o
                                                  build/stm32f1xx_it.o
HAL_Init                                          build/stm32f1xx_hal.o
                                                  build/main.o
HAL_InitTick                                      build/stm32f1xx_hal.o
                                                  build/stm32f1xx_hal_rcc.o
HAL_LIN_Init                                      build/stm32f1xx_hal_uart.o
HAL_LIN_SendBreak                                 build/stm32f1xx_hal_uart.o
HAL_MspDeInit                                     build/stm32f1xx_hal.o
HAL_MspInit                                       build/stm32f1xx_hal_msp.o
HAL_MultiProcessor_EnterMuteMode                  build/stm32f1xx_hal_uart.o
HAL_MultiProcessor_ExitMuteMode                   build/stm32f1xx_hal_uart.o
HAL_MultiProcessor_Init                           build/stm32f1xx_hal_uart.o
HAL_NVIC_ClearPendingIRQ                          build/stm32f1xx_hal_cortex.o
HAL_NVIC_DisableIRQ                               build/stm32f1xx_hal_cortex.o
                                                  build/usart.o
HAL_NVIC_EnableIRQ                                build/stm32f1xx_hal_cortex.o
                                                  build/usart.o
                                                  build/dma.o
HAL_NVIC_GetActive                                build/stm32f1xx_hal_cortex.o
HAL_NVIC_GetPendingIRQ                            build/stm32f1xx_hal_cortex.o
HAL_NVIC_GetPriority                              build/stm32f1xx_hal_cortex.o
HAL_NVIC_GetPriorityGrouping                      build/stm32f1xx_hal_cortex.o
HAL_NVIC_SetPendingIRQ                            build/stm32f1xx_hal_cortex.o
HAL_NVIC_SetPriority                              build/stm32f1xx_hal_cortex.o
                                                  build/usart.o
                                                  build/stm32f1xx_hal.o
                                                  build/dma.o
HAL_NVIC_SetPriorityGrouping                      build/stm32f1xx_hal_cortex.o
                                                  build/stm32f1xx_hal.o
HAL_NVIC_SystemReset                              build/stm32f1xx_hal_cortex.o
                                                  build/stm32f1xx_hal_flash.o
HAL_PWR_ConfigPVD                                 build/stm32f1xx_hal_pwr.o
HAL_PWR_DeInit                                    build/stm32f1xx_hal_pwr.o
HAL_PWR_DisableBkUpAccess                         build/stm32f1xx_hal_pwr.o
HAL_PWR_DisablePVD                                build/stm32f1xx_hal_pwr.o
HAL_PWR_DisableSEVOnPend                          build/stm32f1xx_hal_pwr.o
HAL_PWR_DisableSleepOnExit                        build/stm32f1xx_hal_pwr.o
HAL_PWR_DisableWakeUpPin                          build/stm32f1xx_hal_pwr.o
HAL_PWR_EnableBkUpAccess                          build/stm32f1xx_hal_pwr.o
HAL_PWR_EnablePVD                                 build/stm32f1xx_hal_pwr.o
HAL_PWR_EnableSEVOnPend                           build/stm32f1xx_hal_pwr.o
HAL_PWR_EnableSleepOnExit                         build/stm32f1xx_hal_pwr.o
HAL_PWR_EnableWakeUpPin                           build/stm32f1xx_hal_pwr.o
HAL_PWR_EnterSLEEPMode                            build/stm32f1xx_hal_pwr.o
HAL_PWR_EnterSTANDBYMode                          build/stm32f1xx_hal_pwr.o
HAL_PWR_EnterSTOPMode                             build/stm32f1xx_hal_pwr.o
HAL_PWR_PVDCallback                               build/stm32f1xx_hal_pwr.o
HAL_PWR_PVD_IRQHandler                            build/stm32f1xx_hal_pwr.o
HAL_RCCEx_GetPeriphCLKConfig                      build/stm32f1xx_hal_rcc_ex.o
HAL_RCCEx_GetPeriphCLKFreq                        build/stm32f1xx_hal_rcc_ex.o
HAL_RCCEx_PeriphCLKConfig                         build/stm32f1xx_hal_rcc_ex.o
HAL_RCC_CSSCallback                               build/stm32f1xx_hal_rcc.o
HAL_RCC_ClockConfig                               build/stm32f1xx_hal_rcc.o
                                                  build/main.o
HAL_RCC_DeInit                                    build/stm32f1xx_hal_rcc.o
HAL_RCC_DisableCSS                                build/stm32f1xx_hal_rcc.o
HAL_RCC_EnableCSS                                 build/stm32f1xx_hal_rcc.o
HAL_RCC_GetClockConfig                            build/stm32f1xx_hal_rcc.o
HAL_RCC_GetHCLKFreq                               build/stm32f1xx_hal_rcc.o
HAL_RCC_GetOscConfig                              build/stm32f1xx_hal_rcc.o
HAL_RCC_GetPCLK1Freq                              build/stm32f1xx_hal_rcc.o